Component: ARM Compiler 5.06 update 3 (build 300) Tool: armlink [4d35c9]

==============================================================================

Section Cross References

    main.o(i.Init) refers to misc.o(i.NVIC_PriorityGroupConfig) for NVIC_PriorityGroupConfig
    main.o(i.Init) refers to can.o(i.CAN_Config) for CAN_Config
    main.o(i.Init) refers to usart.o(i.GyroscopeUsartInit) for GyroscopeUsartInit
    main.o(i.Init) refers to usart.o(i.WirelessBluetoothUsartInit) for WirelessBluetoothUsartInit
    main.o(i.Init) refers to gpio.o(i.MyBeefInit) for MyBeefInit
    main.o(i.Init) refers to gpio.o(i.MySwitchInit) for MySwitchInit
    main.o(i.Init) refers to timer.o(i.TIM_Init) for TIM_Init
    main.o(i.Init) refers to ringbuffer.o(i.BufferZizeInit) for BufferZizeInit
    main.o(i.Init) refers to gpio.o(i.BeefON) for BeefON
    main.o(i.Init) refers to timer.o(i.TIM_Delayms) for TIM_Delayms
    main.o(i.Init) refers to gpio.o(i.BeefOFF) for BeefOFF
    main.o(i.Init) refers to gpio.o(i.ReadSwitch) for ReadSwitch
    main.o(i.Init) refers to elmo.o(i.elmo_Enable) for elmo_Enable
    main.o(i.Init) refers to elmo.o(i.Vel_cfg) for Vel_cfg
    main.o(i.Init) refers to main.o(.data) for mode
    main.o(i.main) refers to main.o(i.Init) for Init
    main.o(i.main) refers to gpio.o(i.ReadSwitch) for ReadSwitch
    main.o(i.main) refers to gpio.o(i.BeefOFF) for BeefOFF
    main.o(i.main) refers to sampling.o(i.ReadFlashPointInformation) for ReadFlashPointInformation
    main.o(i.main) refers to sampling.o(i.PoseSampling) for PoseSampling
    main.o(i.main) refers to sampling.o(i.PoseSamplingDone) for PoseSamplingDone
    main.o(i.main) refers to gpio.o(i.BeefON) for BeefON
    main.o(i.main) refers to pathfollowing.o(i.PathFollowing) for PathFollowing
    main.o(i.main) refers to main.o(.data) for mode
    main.o(i.main) refers to sampling.o(.data) for USARTSEND
    can.o(i.CAN_Config) refers to stm32f4xx_rcc.o(i.RCC_APB1PeriphClockCmd) for RCC_APB1PeriphClockCmd
    can.o(i.CAN_Config) refers to stm32f4xx_rcc.o(i.RCC_AHB1PeriphClockCmd) for RCC_AHB1PeriphClockCmd
    can.o(i.CAN_Config) refers to stm32f4xx_gpio.o(i.GPIO_PinAFConfig) for GPIO_PinAFConfig
    can.o(i.CAN_Config) refers to stm32f4xx_gpio.o(i.GPIO_Init) for GPIO_Init
    can.o(i.CAN_Config) refers to stm32f4xx_can.o(i.CAN_DeInit) for CAN_DeInit
    can.o(i.CAN_Config) refers to stm32f4xx_can.o(i.CAN_Init) for CAN_Init
    can.o(i.CAN_Config) refers to stm32f4xx_can.o(i.CAN_FilterInit) for CAN_FilterInit
    can.o(i.CAN_Config) refers to misc.o(i.NVIC_Init) for NVIC_Init
    can.o(i.CAN_Config) refers to stm32f4xx_can.o(i.CAN_ITConfig) for CAN_ITConfig
    can.o(i.CAN_RxMsg) refers to stm32f4xx_can.o(i.CAN_MessagePending) for CAN_MessagePending
    can.o(i.CAN_RxMsg) refers to stm32f4xx_can.o(i.CAN_Receive) for CAN_Receive
    can.o(i.CAN_TxMsg) refers to stm32f4xx_can.o(i.CAN_Transmit) for CAN_Transmit
    can.o(i.CAN_TxMsg) refers to stm32f4xx_can.o(i.CAN_TransmitStatus) for CAN_TransmitStatus
    gpio.o(i.BeefOFF) refers to stm32f4xx_gpio.o(i.GPIO_SetBits) for GPIO_SetBits
    gpio.o(i.BeefON) refers to stm32f4xx_gpio.o(i.GPIO_ResetBits) for GPIO_ResetBits
    gpio.o(i.GPIO_Init_Pins) refers to stm32f4xx_rcc.o(i.RCC_AHB1PeriphClockCmd) for RCC_AHB1PeriphClockCmd
    gpio.o(i.GPIO_Init_Pins) refers to stm32f4xx_gpio.o(i.GPIO_Init) for GPIO_Init
    gpio.o(i.LedTwinkle) refers to gpio.o(i.BeefON) for BeefON
    gpio.o(i.LedTwinkle) refers to gpio.o(i.BeefOFF) for BeefOFF
    gpio.o(i.LedTwinkle) refers to stm32f4xx_it.o(.data) for TIM2_COUNT
    gpio.o(i.MyBeefInit) refers to gpio.o(i.GPIO_Init_Pins) for GPIO_Init_Pins
    gpio.o(i.MySwitchInit) refers to gpio.o(i.GPIO_Init_Pins) for GPIO_Init_Pins
    gpio.o(i.ReadSwitch) refers to stm32f4xx_gpio.o(i.GPIO_ReadInputDataBit) for GPIO_ReadInputDataBit
    stm32f4xx_it.o(i.CAN1_RX0_IRQHandler) refers to stm32f4xx_can.o(i.CAN_MessagePending) for CAN_MessagePending
    stm32f4xx_it.o(i.CAN1_RX0_IRQHandler) refers to can.o(i.CAN_RxMsg) for CAN_RxMsg
    stm32f4xx_it.o(i.CAN1_RX0_IRQHandler) refers to stm32f4xx_can.o(i.CAN_ClearFlag) for CAN_ClearFlag
    stm32f4xx_it.o(i.CAN1_RX0_IRQHandler) refers to stm32f4xx_it.o(.data) for buffer
    stm32f4xx_it.o(i.TIM2_IRQHandler) refers to stm32f4xx_tim.o(i.TIM_GetITStatus) for TIM_GetITStatus
    stm32f4xx_it.o(i.TIM2_IRQHandler) refers to stm32f4xx_tim.o(i.TIM_ClearITPendingBit) for TIM_ClearITPendingBit
    stm32f4xx_it.o(i.TIM2_IRQHandler) refers to possystem.o(i.CaculatePath) for CaculatePath
    stm32f4xx_it.o(i.TIM2_IRQHandler) refers to stm32f4xx_it.o(.data) for TIM2_COUNT
    stm32f4xx_it.o(i.TIM2_IRQHandler) refers to sampling.o(.data) for USARTSEND
    stm32f4xx_it.o(i.USART1_IRQHandler) refers to stm32f4xx_usart.o(i.USART_GetITStatus) for USART_GetITStatus
    stm32f4xx_it.o(i.USART1_IRQHandler) refers to stm32f4xx_usart.o(i.USART_ClearITPendingBit) for USART_ClearITPendingBit
[...]
    ../fplib/microlib/fpneg.c                0x00000000   Number         0  dneg.o ABSOLUTE
    ../fplib/microlib/fpsqrt.c               0x00000000   Number         0  dsqrt.o ABSOLUTE
    ../mathlib/atan2f.c                      0x00000000   Number         0  atan2f_x.o ABSOLUTE
    ../mathlib/atan2f.c                      0x00000000   Number         0  atan2f.o ABSOLUTE
    ../mathlib/cos.c                         0x00000000   Number         0  cos.o ABSOLUTE
    ../mathlib/cos.c                         0x00000000   Number         0  cos_x.o ABSOLUTE
    ../mathlib/cos_i.c                       0x00000000   Number         0  cos_i.o ABSOLUTE
    ../mathlib/dunder.c                      0x00000000   Number         0  dunder.o ABSOLUTE
    ../mathlib/fabs.c                        0x00000000   Number         0  fabs.o ABSOLUTE
    ../mathlib/fpclassify.c                  0x00000000   Number         0  fpclassify.o ABSOLUTE
    ../mathlib/fpclassifyf.c                 0x00000000   Number         0  fpclassifyf.o ABSOLUTE
    ../mathlib/funder.c                      0x00000000   Number         0  funder.o ABSOLUTE
    ../mathlib/poly.c                        0x00000000   Number         0  poly.o ABSOLUTE
    ../mathlib/rred.c                        0x00000000   Number         0  rred.o ABSOLUTE
    ../mathlib/rredf.c                       0x00000000   Number         0  rredf.o ABSOLUTE
    ../mathlib/sin.c                         0x00000000   Number         0  sin.o ABSOLUTE
    ../mathlib/sin.c                         0x00000000   Number         0  sin_x.o ABSOLUTE
    ../mathlib/sin_i.c                       0x00000000   Number         0  sin_i_x.o ABSOLUTE
    ../mathlib/sin_i.c                       0x00000000   Number         0  sin_i.o ABSOLUTE
    ../mathlib/sqrt.c                        0x00000000   Number         0  sqrt.o ABSOLUTE
    ../mathlib/sqrt.c                        0x00000000   Number         0  sqrt_x.o ABSOLUTE
    ../mathlib/tan.c                         0x00000000   Number         0  tan_x.o ABSOLUTE
    ../mathlib/tan.c                         0x00000000   Number         0  tan.o ABSOLUTE
    ../mathlib/tan_i.c                       0x00000000   Number         0  tan_i_x.o ABSOLUTE
    ../mathlib/tan_i.c                       0x00000000   Number         0  tan_i.o ABSOLUTE
    ../mathlib/tanf.c                        0x00000000   Number         0  tanf.o ABSOLUTE
    ../mathlib/tanf.c                        0x00000000   Number         0  tanf_x.o ABSOLUTE
    CMSIS\\system_stm32f4xx.c                0x00000000   Number         0  system_stm32f4xx.o ABSOLUTE
    CMSIS\startup\startup_stm32f4xx.s        0x00000000   Number         0  startup_stm32f4xx.o ABSOLUTE
    CMSIS\system_stm32f4xx.c                 0x00000000   Number         0  system_stm32f4xx.o ABSOLUTE
    MotionCard\Move.c                        0x00000000   Number         0  move.o ABSOLUTE
    MotionCard\SpeedPlaning.c                0x00000000   Number         0  speedplaning.o ABSOLUTE
    MotionCard\\SpeedPlaning.c               0x00000000   Number         0  speedplaning.o ABSOLUTE
    MotionCard\calculate.c                   0x00000000   Number         0  calculate.o ABSOLUTE
    STM32F4xx_StdPeriph_Driver\\src\\misc.c  0x00000000   Number         0  misc.o ABSOLUTE
    STM32F4xx_StdPeriph_Driver\\src\\stm32f4xx_can.c 0x00000000   Number         0  stm32f4xx_can.o ABSOLUTE
    STM32F4xx_StdPeriph_Driver\\src\\stm32f4xx_flash.c 0x00000000   Number         0  stm32f4xx_flash.o ABSOLUTE
    STM32F4xx_StdPeriph_Driver\\src\\stm32f4xx_gpio.c 0x00000000   Number         0  stm32f4xx_gpio.o ABSOLUTE
    STM32F4xx_StdPeriph_Driver\\src\\stm32f4xx_rcc.c 0x00000000   Number         0  stm32f4xx_rcc.o ABSOLUTE
    STM32F4xx_StdPeriph_Driver\\src\\stm32f4xx_tim.c 0x00000000   Number         0  stm32f4xx_tim.o ABSOLUTE
    STM32F4xx_StdPeriph_Driver\\src\\stm32f4xx_usart.c 0x00000000   Number         0  stm32f4xx_usart.o ABSOLUTE
    STM32F4xx_StdPeriph_Driver\src\misc.c    0x00000000   Number         0  misc.o ABSOLUTE
    STM32F4xx_StdPeriph_Driver\src\stm32f4xx_can.c 0x00000000   Number         0  stm32f4xx_can.o ABSOLUTE
    STM32F4xx_StdPeriph_Driver\src\stm32f4xx_flash.c 0x00000000   Number         0  stm32f4xx_flash.o ABSOLUTE
    STM32F4xx_StdPeriph_Driver\src\stm32f4xx_gpio.c 0x00000000   Number         0  stm32f4xx_gpio.o ABSOLUTE
    STM32F4xx_StdPeriph_Driver\src\stm32f4xx_rcc.c 0x00000000   Number         0  stm32f4xx_rcc.o ABSOLUTE
    STM32F4xx_StdPeriph_Driver\src\stm32f4xx_tim.c 0x00000000   Number         0  stm32f4xx_tim.o ABSOLUTE
    STM32F4xx_StdPeriph_Driver\src\stm32f4xx_usart.c 0x00000000   Number         0  stm32f4xx_usart.o ABSOLUTE
    User\\can.c                              0x00000000   Number         0  can.o ABSOLUTE
    User\\gpio.c                             0x00000000   Number         0  gpio.o ABSOLUTE
    User\\main.c                             0x00000000   Number         0  main.o ABSOLUTE
    User\\stm32f4xx_it.c                     0x00000000   Number         0  stm32f4xx_it.o ABSOLUTE
    User\\timer.c                            0x00000000   Number         0  timer.o ABSOLUTE
    User\\usart.c                            0x00000000   Number         0  usart.o ABSOLUTE
    User\can.c                               0x00000000   Number         0  can.o ABSOLUTE
    User\gpio.c                              0x00000000   Number         0  gpio.o ABSOLUTE
    User\main.c                              0x00000000   Number         0  main.o ABSOLUTE
    User\stm32f4xx_it.c                      0x00000000   Number         0  stm32f4xx_it.o ABSOLUTE
    User\timer.c                             0x00000000   Number         0  timer.o ABSOLUTE
    User\usart.c                             0x00000000   Number         0  usart.o ABSOLUTE
    cdcmple.s                                0x00000000   Number         0  cdcmple.o ABSOLUTE
    cdrcmple.s                               0x00000000   Number         0  cdrcmple.o ABSOLUTE
    dc.s                                     0x00000000   Number         0  dc.o ABSOLUTE
    handlers.s                               0x00000000   Number         0  handlers.o ABSOLUTE
    init.s                                   0x00000000   Number         0  init.o ABSOLUTE
    motionCard\Bspline.c                     0x00000000   Number         0  bspline.o ABSOLUTE
    motionCard\Sampling.c                    0x00000000   Number         0  sampling.o ABSOLUTE
    motionCard\\Bspline.c                    0x00000000   Number         0  bspline.o ABSOLUTE
    motionCard\\Sampling.c                   0x00000000   Number         0  sampling.o ABSOLUTE
    motionCard\\flash.c                      0x00000000   Number         0  flash.o ABSOLUTE
    motionCard\\pathFollowing.c              0x00000000   Number         0  pathfollowing.o ABSOLUTE
    motionCard\\ringbuffer.c                 0x00000000   Number         0  ringbuffer.o ABSOLUTE
    motionCard\flash.c                       0x00000000   Number         0  flash.o ABSOLUTE
    motionCard\pathFollowing.c               0x00000000   Number         0  pathfollowing.o ABSOLUTE
    motionCard\posSystem.c                   0x00000000   Number         0  possystem.o ABSOLUTE
    motionCard\ringbuffer.c                  0x00000000   Number         0  ringbuffer.o ABSOLUTE
    xp\\debug.c                              0x00000000   Number         0  debug.o ABSOLUTE
    xp\\elmo.c                               0x00000000   Number         0  elmo.o ABSOLUTE
    xp\\threeWheelMove.c                     0x00000000   Number         0  threewheelmove.o ABSOLUTE
    xp\\update.c                             0x00000000   Number         0  update.o ABSOLUTE
    xp\debug.c                               0x00000000   Number         0  debug.o ABSOLUTE
    xp\elmo.c                                0x00000000   Number         0  elmo.o ABSOLUTE
    xp\threeWheelMove.c                      0x00000000   Number         0  threewheelmove.o ABSOLUTE
    xp\update.c                              0x00000000   Number         0  update.o ABSOLUTE
    RESET                                    0x08000000   Section      392  startup_stm32f4xx.o(RESET)
    .ARM.Collect$$$$00000000                 0x08000188   Section        0  entry.o(.ARM.Collect$$$$00000000)
    .ARM.Collect$$$$00000001                 0x08000188   Section        4  entry2.o(.ARM.Collect$$$$00000001)
    .ARM.Collect$$$$00000004                 0x0800018c   Section        4  entry5.o(.ARM.Collect$$$$00000004)
    .ARM.Collect$$$$00000008                 0x08000190   Section        0  entry7b.o(.ARM.Collect$$$$00000008)
    .ARM.Collect$$$$0000000A                 0x08000190   Section        0  entry8b.o(.ARM.Collect$$$$0000000A)
    .ARM.Collect$$$$0000000B                 0x08000190   Section        8  entry9a.o(.ARM.Collect$$$$0000000B)
    .ARM.Collect$$$$0000000D                 0x08000198   Section        0  entry10a.o(.ARM.Collect$$$$0000000D)
    .ARM.Collect$$$$0000000F                 0x08000198   Section        0  entry11a.o(.ARM.Collect$$$$0000000F)
    .ARM.Collect$$$$00002712                 0x08000198   Section        4  entry2.o(.ARM.Collect$$$$00002712)
    __lit__00000000                          0x08000198   Data           4  entry2.o(.ARM.Collect$$$$00002712)
    .text                                    0x0800019c   Section       52  startup_stm32f4xx.o(.text)
    $v0                                      0x0800019c   Number         0  startup_stm32f4xx.o(.text)
    .text                                    0x080001d0   Section        0  memcpya.o(.text)
    .text                                    0x080001f4   Section        0  dadd.o(.text)
    .text                                    0x08000342   Section        0  dmul.o(.text)
    .text                                    0x08000426   Section        0  ddiv.o(.text)
    .text                                    0x08000504   Section        0  f2d.o(.text)
    .text                                    0x0800052c   Section       48  cdcmple.o(.text)
    .text                                    0x0800055c   Section       48  cdrcmple.o(.text)
    .text                                    0x0800058c   Section        0  d2f.o(.text)
    .text                                    0x080005c4   Section        0  llshl.o(.text)
    .text                                    0x080005e2   Section        0  llsshr.o(.text)
    .text                                    0x08000606   Section        0  fepilogue.o(.text)
    .text                                    0x08000606   Section        0  iusefp.o(.text)
    .text                                    0x08000674   Section        0  depilogue.o(.text)
    .text                                    0x0800072e   Section        0  dsqrt.o(.text)
    .text                                    0x080007d0   Section       36  init.o(.text)
    .text                                    0x080007f4   Section        0  llushr.o(.text)
    .text                                    0x08000814   Section        0  dflti.o(.text)
    .text                                    0x08000836   Section        0  dfltui.o(.text)
    .text                                    0x08000850   Section        0  dfixi.o(.text)
    i.AddPath                                0x08000890   Section        0  possystem.o(i.AddPath)
    i.AngleControl                           0x080008a4   Section        0  pathfollowing.o(i.AngleControl)
    i.BeefOFF                                0x080008f0   Section        0  gpio.o(i.BeefOFF)
    i.BeefON                                 0x0800090c   Section        0  gpio.o(i.BeefON)
    i.BufferZizeInit                         0x08000928   Section        0  ringbuffer.o(i.BufferZizeInit)
    i.BusFault_Handler                       0x08000950   Section        0  stm32f4xx_it.o(i.BusFault_Handler)
    i.CAN1_RX0_IRQHandler                    0x08000954   Section        0  stm32f4xx_it.o(i.CAN1_RX0_IRQHandler)
    i.CAN_ClearFlag                          0x080009f0   Section        0  stm32f4xx_can.o(i.CAN_ClearFlag)
    i.CAN_Config                             0x08000a28   Section        0  can.o(i.CAN_Config)
    i.CAN_DeInit                             0x08000dd4   Section        0  stm32f4xx_can.o(i.CAN_DeInit)
    i.CAN_FilterInit                         0x08000e0c   Section        0  stm32f4xx_can.o(i.CAN_FilterInit)
    i.CAN_ITConfig                           0x08000f14   Section        0  stm32f4xx_can.o(i.CAN_ITConfig)
    i.CAN_Init                               0x08000f26   Section        0  stm32f4xx_can.o(i.CAN_Init)
    i.CAN_MessagePending                     0x0800103a   Section        0  stm32f4xx_can.o(i.CAN_MessagePending)
    i.CAN_Receive                            0x08001058   Section        0  stm32f4xx_can.o(i.CAN_Receive)
    i.CAN_RxMsg                              0x08001148   Section        0  can.o(i.CAN_RxMsg)
    i.CAN_Transmit                           0x08001190   Section        0  stm32f4xx_can.o(i.CAN_Transmit)
    i.CAN_TransmitStatus                     0x080012b8   Section        0  stm32f4xx_can.o(i.CAN_TransmitStatus)
    i.CaculateBsplineLen                     0x08001358   Section        0  bspline.o(i.CaculateBsplineLen)
    i.CaculatePath                           0x08001840   Section        0  possystem.o(i.CaculatePath)
    i.CaculateThreeWheelVel                  0x08001910   Section        0  move.o(i.CaculateThreeWheelVel)
    i.CalculateAngleAdd                      0x08001c9c   Section        0  calculate.o(i.CalculateAngleAdd)
    i.CalculateAngleSub                      0x08001cf8   Section        0  calculate.o(i.CalculateAngleSub)
    i.CalculateLineAngle                     0x08001d54   Section        0  calculate.o(i.CalculateLineAngle)
    i.CalculatePoint2PointDistance           0x08001db0   Section        0  calculate.o(i.CalculatePoint2PointDistance)
    i.CalculateThreeWheelVell                0x08001e20   Section        0  speedplaning.o(i.CalculateThreeWheelVell)
    i.CreateMemory                           0x08001f90   Section        0  calculate.o(i.CreateMemory)
    i.DebugMon_Handler                       0x08001fe4   Section        0  stm32f4xx_it.o(i.DebugMon_Handler)
    i.DecreseVellByOneWheel                  0x08001fe8   Section        0  speedplaning.o(i.DecreseVellByOneWheel)
    i.DeleteData                             0x080021d8   Section        0  ringbuffer.o(i.DeleteData)
    i.DynamicalAjusting                      0x080021e8   Section        0  speedplaning.o(i.DynamicalAjusting)
    i.FLASH_DataCacheCmd                     0x08002950   Section        0  stm32f4xx_flash.o(i.FLASH_DataCacheCmd)
    i.FLASH_EraseSector                      0x08002974   Section        0  stm32f4xx_flash.o(i.FLASH_EraseSector)
    i.FLASH_GetStatus                        0x080029fc   Section        0  stm32f4xx_flash.o(i.FLASH_GetStatus)
    i.FLASH_Lock                             0x08002a44   Section        0  stm32f4xx_flash.o(i.FLASH_Lock)
    i.FLASH_ProgramWord                      0x08002a58   Section        0  stm32f4xx_flash.o(i.FLASH_ProgramWord)
    i.FLASH_Unlock                           0x08002aa8   Section        0  stm32f4xx_flash.o(i.FLASH_Unlock)
    i.FLASH_WaitForLastOperation             0x08002acc   Section        0  stm32f4xx_flash.o(i.FLASH_WaitForLastOperation)
    i.FreeMemory                             0x08002aee   Section        0  calculate.o(i.FreeMemory)
    i.GPIO_Init                              0x08002b0e   Section        0  stm32f4xx_gpio.o(i.GPIO_Init)
    i.GPIO_Init_Pins                         0x08002b9e   Section        0  gpio.o(i.GPIO_Init_Pins)
    i.GPIO_PinAFConfig                       0x08002c46   Section        0  stm32f4xx_gpio.o(i.GPIO_PinAFConfig)
    i.GPIO_ReadInputDataBit                  0x08002c8c   Section        0  stm32f4xx_gpio.o(i.GPIO_ReadInputDataBit)
    i.GPIO_ResetBits                         0x08002c9e   Section        0  stm32f4xx_gpio.o(i.GPIO_ResetBits)
    i.GPIO_SetBits                           0x08002ca2   Section        0  stm32f4xx_gpio.o(i.GPIO_SetBits)
    i.Gauss                                  0x08002ca8   Section        0  calculate.o(i.Gauss)
    i.GetAccMax                              0x08002f04   Section        0  threewheelmove.o(i.GetAccMax)
    i.GetAngleZ                              0x08002f10   Section        0  update.o(i.GetAngleZ)
    i.GetCount                               0x08002f1c   Section        0  ringbuffer.o(i.GetCount)
    i.GetFristAdress                         0x08002f30   Section        0  ringbuffer.o(i.GetFristAdress)
    i.GetLength                              0x08002f3c   Section        0  ringbuffer.o(i.GetLength)
    i.GetPath                                0x08002f48   Section        0  possystem.o(i.GetPath)
    i.GetPosPresent                          0x08002f5c   Section        0  possystem.o(i.GetPosPresent)
    i.GetPosx                                0x08002f84   Section        0  update.o(i.GetPosx)
    i.GetPosy                                0x08003010   Section        0  update.o(i.GetPosy)
    i.GetRingBufferAverCurvature             0x0800309c   Section        0  ringbuffer.o(i.GetRingBufferAverCurvature)
    i.GetRingBufferPoint                     0x080030d0   Section        0  ringbuffer.o(i.GetRingBufferPoint)
    i.GetRingBufferPointAngle                0x08003108   Section        0  ringbuffer.o(i.GetRingBufferPointAngle)
    i.GetRingBufferPointLen                  0x0800313c   Section        0  ringbuffer.o(i.GetRingBufferPointLen)
    i.GetRingBufferPointPoseAngle            0x08003170   Section        0  ringbuffer.o(i.GetRingBufferPointPoseAngle)
    i.GetRingBufferPointVell                 0x080031a4   Section        0  ringbuffer.o(i.GetRingBufferPointVell)
    i.GetRobotRadius                         0x080031d8   Section        0  threewheelmove.o(i.GetRobotRadius)
    i.GetTrueVell                            0x080031e4   Section        0  move.o(i.GetTrueVell)
    i.GetVelMax                              0x080034b0   Section        0  threewheelmove.o(i.GetVelMax)
    i.GyroscopeUsartInit                     0x080034bc   Section        0  usart.o(i.GyroscopeUsartInit)
    i.HardFault_Handler                      0x08003570   Section        0  stm32f4xx_it.o(i.HardFault_Handler)
    i.Init                                   0x08003574   Section        0  main.o(i.Init)
    i.MemManage_Handler                      0x08003650   Section        0  stm32f4xx_it.o(i.MemManage_Handler)
    i.MyBeefInit                             0x08003654   Section        0  gpio.o(i.MyBeefInit)
    i.MySwitchInit                           0x08003670   Section        0  gpio.o(i.MySwitchInit)
    i.NMI_Handler                            0x08003684   Section        0  stm32f4xx_it.o(i.NMI_Handler)
    i.NVIC_Init                              0x08003688   Section        0  misc.o(i.NVIC_Init)
    i.NVIC_PriorityGroupConfig               0x08003700   Section        0  misc.o(i.NVIC_PriorityGroupConfig)
    i.PathFollowing                          0x08003714   Section        0  pathfollowing.o(i.PathFollowing)
    i.PendSV_Handler                         0x08003ad0   Section        0  stm32f4xx_it.o(i.PendSV_Handler)
    i.PoseSampling                           0x08003ad4   Section        0  sampling.o(i.PoseSampling)
    i.PoseSamplingDone                       0x08003db0   Section        0  sampling.o(i.PoseSamplingDone)
    i.PoseSamplingLastPoint                  0x08003de8   Section        0  sampling.o(i.PoseSamplingLastPoint)
    i.PutRingBuffer                          0x08003e98   Section        0  ringbuffer.o(i.PutRingBuffer)
    i.RCC_AHB1PeriphClockCmd                 0x08003f00   Section        0  stm32f4xx_rcc.o(i.RCC_AHB1PeriphClockCmd)
    i.RCC_APB1PeriphClockCmd                 0x08003f20   Section        0  stm32f4xx_rcc.o(i.RCC_APB1PeriphClockCmd)
    i.RCC_APB1PeriphResetCmd                 0x08003f40   Section        0  stm32f4xx_rcc.o(i.RCC_APB1PeriphResetCmd)
    i.RCC_APB2PeriphClockCmd                 0x08003f60   Section        0  stm32f4xx_rcc.o(i.RCC_APB2PeriphClockCmd)
    i.RCC_GetClocksFreq                      0x08003f80   Section        0  stm32f4xx_rcc.o(i.RCC_GetClocksFreq)
    i.ReadFlashPointInformation              0x08004068   Section        0  sampling.o(i.ReadFlashPointInformation)
    i.ReadSwitch                             0x080040b4   Section        0  gpio.o(i.ReadSwitch)
    i.STMFLASH_GetFlashSector                0x080040cc   Section        0  flash.o(i.STMFLASH_GetFlashSector)
    i.STMFLASH_Read                          0x0800416c   Section        0  flash.o(i.STMFLASH_Read)
    i.STMFLASH_ReadWord                      0x0800418c   Section        0  flash.o(i.STMFLASH_ReadWord)
    i.STMFLASH_Write                         0x08004194   Section        0  flash.o(i.STMFLASH_Write)
    i.SVC_Handler                            0x0800422c   Section        0  stm32f4xx_it.o(i.SVC_Handler)
    i.SerchBsplineVirtualPoint               0x08004230   Section        0  bspline.o(i.SerchBsplineVirtualPoint)
    i.SerchVirtualPoint                      0x08004768   Section        0  bspline.o(i.SerchVirtualPoint)
    i.SerchVirtualPoint2                     0x08004820   Section        0  bspline.o(i.SerchVirtualPoint2)
    i.SetAngleZ                              0x080048d0   Section        0  update.o(i.SetAngleZ)
    i.SetLength                              0x080048dc   Section        0  ringbuffer.o(i.SetLength)
    i.SetPosx                                0x080048e8   Section        0  update.o(i.SetPosx)
    i.SetPosy                                0x080048f4   Section        0  update.o(i.SetPosy)
    i.SetRingBufferPointVell                 0x08004900   Section        0  ringbuffer.o(i.SetRingBufferPointVell)
    i.SetSysClock                            0x08004934   Section        0  system_stm32f4xx.o(i.SetSysClock)
    SetSysClock                              0x08004935   Thumb Code   220  system_stm32f4xx.o(i.SetSysClock)
    i.SetUpPointer                           0x08004a20   Section        0  ringbuffer.o(i.SetUpPointer)
    i.SpeedPlaning                           0x08004a2c   Section        0  speedplaning.o(i.SpeedPlaning)
    i.SystemInit                             0x080053ac   Section        0  system_stm32f4xx.o(i.SystemInit)
    i.TIM2_IRQHandler                        0x08005414   Section        0  stm32f4xx_it.o(i.TIM2_IRQHandler)
    i.TIM_ClearITPendingBit                  0x08005448   Section        0  stm32f4xx_tim.o(i.TIM_ClearITPendingBit)
    i.TIM_Cmd                                0x0800544e   Section        0  stm32f4xx_tim.o(i.TIM_Cmd)
    i.TIM_Delay100us                         0x08005468   Section        0  timer.o(i.TIM_Delay100us)
    i.TIM_Delayms                            0x0800563c   Section        0  timer.o(i.TIM_Delayms)
    i.TIM_GetCounter                         0x08005658   Section        0  stm32f4xx_tim.o(i.TIM_GetCounter)
    i.TIM_GetITStatus                        0x0800565e   Section        0  stm32f4xx_tim.o(i.TIM_GetITStatus)
    i.TIM_ITConfig                           0x08005680   Section        0  stm32f4xx_tim.o(i.TIM_ITConfig)
    i.TIM_Init                               0x08005694   Section        0  timer.o(i.TIM_Init)
    i.TIM_SetCounter                         0x08005858   Section        0  stm32f4xx_tim.o(i.TIM_SetCounter)
    i.TIM_TimeBaseInit                       0x0800585c   Section        0  stm32f4xx_tim.o(i.TIM_TimeBaseInit)
    i.ThreeWheelVelControl                   0x080058e0   Section        0  move.o(i.ThreeWheelVelControl)
    i.USART1_IRQHandler                      0x08005c80   Section        0  stm32f4xx_it.o(i.USART1_IRQHandler)
    i.USART_ClearFlag                        0x08005e38   Section        0  stm32f4xx_usart.o(i.USART_ClearFlag)
    i.USART_ClearITPendingBit                0x08005e4a   Section        0  stm32f4xx_usart.o(i.USART_ClearITPendingBit)
    i.USART_Cmd                              0x08005e68   Section        0  stm32f4xx_usart.o(i.USART_Cmd)
    i.USART_GetITStatus                      0x08005e80   Section        0  stm32f4xx_usart.o(i.USART_GetITStatus)
    i.USART_ITConfig                         0x08005ed4   Section        0  stm32f4xx_usart.o(i.USART_ITConfig)
    i.USART_Init                             0x08005f20   Section        0  stm32f4xx_usart.o(i.USART_Init)
    i.USART_ReceiveData                      0x08005ff4   Section        0  stm32f4xx_usart.o(i.USART_ReceiveData)
    i.UpdateLenBegin                         0x08006000   Section        0  possystem.o(i.UpdateLenBegin)
    i.UpdateLenStop                          0x0800600c   Section        0  possystem.o(i.UpdateLenStop)
    i.UsageFault_Handler                     0x08006018   Section        0  stm32f4xx_it.o(i.UsageFault_Handler)
    i.Vel2Pulse                              0x0800601c   Section        0  threewheelmove.o(i.Vel2Pulse)
    Vel2Pulse                                0x0800601d   Thumb Code    42  threewheelmove.o(i.Vel2Pulse)
    i.VelControlTriWheel                     0x08006054   Section        0  threewheelmove.o(i.VelControlTriWheel)
    i.VelCrl                                 0x080060b4   Section        0  elmo.o(i.VelCrl)
    i.Vel_cfg                                0x08006174   Section        0  elmo.o(i.Vel_cfg)
    i.WirelessBluetoothUsartInit             0x0800624c   Section        0  usart.o(i.WirelessBluetoothUsartInit)
    i.__ARM_fpclassify                       0x0800630c   Section        0  fpclassify.o(i.__ARM_fpclassify)
    i.__ARM_fpclassifyf                      0x0800633c   Section        0  fpclassifyf.o(i.__ARM_fpclassifyf)
    i.__hardfp_atan2f                        0x08006364   Section        0  atan2f.o(i.__hardfp_atan2f)
    i.__hardfp_cos                           0x080065b8   Section        0  cos.o(i.__hardfp_cos)
    i.__hardfp_fabs                          0x08006680   Section        0  fabs.o(i.__hardfp_fabs)
    i.__hardfp_sin                           0x08006698   Section        0  sin.o(i.__hardfp_sin)
    i.__hardfp_sqrt                          0x08006760   Section        0  sqrt.o(i.__hardfp_sqrt)
    i.__ieee754_rem_pio2                     0x080067e0   Section        0  rred.o(i.__ieee754_rem_pio2)
    i.__kernel_cos                           0x08006c18   Section        0  cos_i.o(i.__kernel_cos)
    i.__kernel_poly                          0x08006d88   Section        0  poly.o(i.__kernel_poly)
    i.__kernel_sin                           0x08006e80   Section        0  sin_i.o(i.__kernel_sin)
    i.__mathlib_dbl_infnan                   0x08006fb0   Section        0  dunder.o(i.__mathlib_dbl_infnan)
    i.__mathlib_dbl_invalid                  0x08006fc8   Section        0  dunder.o(i.__mathlib_dbl_invalid)
    i.__mathlib_dbl_underflow                0x08006fe8   Section        0  dunder.o(i.__mathlib_dbl_underflow)
    i.__mathlib_flt_infnan2                  0x08007008   Section        0  funder.o(i.__mathlib_flt_infnan2)
    i.__mathlib_flt_underflow                0x08007010   Section        0  funder.o(i.__mathlib_flt_underflow)
    i.__scatterload_copy                     0x08007020   Section       14  handlers.o(i.__scatterload_copy)
    i.__scatterload_null                     0x0800702e   Section        2  handlers.o(i.__scatterload_null)
    i.__scatterload_zeroinit                 0x08007030   Section       14  handlers.o(i.__scatterload_zeroinit)
    i.__set_errno                            0x08007040   Section        0  errno.o(i.__set_errno)
    i.addring                                0x0800704c   Section        0  ringbuffer.o(i.addring)
    addring                                  0x0800704d   Thumb Code    20  ringbuffer.o(i.addring)
    i.elmo_Enable                            0x08007064   Section        0  elmo.o(i.elmo_Enable)
    i.fabs                                   0x080070f0   Section        0  fabs.o(i.fabs)
    i.free                                   0x08007108   Section        0  malloc.o(i.free)
    i.main                                   0x08007158   Section        0  main.o(i.main)
    i.malloc                                 0x08007208   Section        0  malloc.o(i.malloc)
    .constdata                               0x08007274   Section      272  elmo.o(.constdata)
    .constdata                               0x08007384   Section       32  bspline.o(.constdata)
    .constdata                               0x080073a8   Section       48  cos_i.o(.constdata)
    C                                        0x080073a8   Data          48  cos_i.o(.constdata)
    .constdata                               0x080073d8   Section      200  rred.o(.constdata)
    pio2s                                    0x080073d8   Data          48  rred.o(.constdata)
    twooverpi                                0x08007408   Data         152  rred.o(.constdata)
    .constdata                               0x080074a0   Section       40  sin_i.o(.constdata)
    S                                        0x080074a0   Data          40  sin_i.o(.constdata)
    .data                                    0x20000000   Section       12  main.o(.data)
    mode                                     0x20000000   Data           4  main.o(.data)
    timeCount                                0x20000008   Data           4  main.o(.data)
    .data                                    0x2000000c   Section       44  stm32f4xx_it.o(.data)
    pos_x                                    0x20000010   Data           4  stm32f4xx_it.o(.data)
    pos_y                                    0x20000014   Data           4  stm32f4xx_it.o(.data)
    zangle                                   0x20000018   Data           4  stm32f4xx_it.o(.data)
    xangle                                   0x2000001c   Data           4  stm32f4xx_it.o(.data)
    yangle                                   0x20000020   Data           4  stm32f4xx_it.o(.data)
    w_z                                      0x20000024   Data           4  stm32f4xx_it.o(.data)
    ch                                       0x20000028   Data           1  stm32f4xx_it.o(.data)
    count                                    0x20000029   Data           1  stm32f4xx_it.o(.data)
    i                                        0x2000002a   Data           1  stm32f4xx_it.o(.data)
    buffer                                   0x2000002b   Data           8  stm32f4xx_it.o(.data)
    StdId                                    0x20000034   Data           4  stm32f4xx_it.o(.data)
    .data                                    0x20000038   Section       16  stm32f4xx_rcc.o(.data)
    APBAHBPrescTable                         0x20000038   Data          16  stm32f4xx_rcc.o(.data)
    .data                                    0x20000048   Section       20  update.o(.data)
    g_zAngle                                 0x20000048   Data           4  update.o(.data)
    g_PosX                                   0x2000004c   Data           4  update.o(.data)
    g_PosY                                   0x20000050   Data           4  update.o(.data)
    g_VelLft                                 0x20000054   Data           4  update.o(.data)
    g_VelRgt                                 0x20000058   Data           4  update.o(.data)
    .data                                    0x2000005c   Section       12  pathfollowing.o(.data)
    vell                                     0x2000005c   Data           4  pathfollowing.o(.data)
    disRealPos2VirTarget                     0x20000060   Data           4  pathfollowing.o(.data)
    disRealPos2VirPos                        0x20000064   Data           4  pathfollowing.o(.data)
    .data                                    0x20000068   Section       24  ringbuffer.o(.data)
    upPointer                                0x20000068   Data           4  ringbuffer.o(.data)
    g_iput                                   0x2000006c   Data           4  ringbuffer.o(.data)
    downPointer                              0x20000070   Data           4  ringbuffer.o(.data)
    lengthSum                                0x20000074   Data           4  ringbuffer.o(.data)
    countMax                                 0x20000078   Data           4  ringbuffer.o(.data)
    .data                                    0x20000080   Section       16  possystem.o(.data)
    lengthTwoWheel                           0x20000080   Data           4  possystem.o(.data)
    CaculateLenFlag                          0x20000084   Data           1  possystem.o(.data)
    posXOld                                  0x20000088   Data           4  possystem.o(.data)
    posYOld                                  0x2000008c   Data           4  possystem.o(.data)
    .data                                    0x20000090   Section       40  sampling.o(.data)
    FIRST_FLAG                               0x20000091   Data           1  sampling.o(.data)
    point1                                   0x20000094   Data           8  sampling.o(.data)
    point2                                   0x2000009c   Data           8  sampling.o(.data)
    anglee                                   0x200000a4   Data           4  sampling.o(.data)
    angleeOld                                0x200000a8   Data           4  sampling.o(.data)
    posAngle                                 0x200000ac   Data           4  sampling.o(.data)
    pathOld                                  0x200000b0   Data           4  sampling.o(.data)
    step                                     0x200000b4   Data           4  sampling.o(.data)
    .data                                    0x200000b8   Section        4  mvars.o(.data)
    .data                                    0x200000bc   Section        4  mvars.o(.data)
    .data                                    0x200000c0   Section        4  errno.o(.data)
    _errno                                   0x200000c0   Data           4  errno.o(.data)
    .bss                                     0x200000c4   Section       24  stm32f4xx_it.o(.bss)
    posture                                  0x200000c4   Data          24  stm32f4xx_it.o(.bss)
    .bss                                     0x200000dc   Section       24  pathfollowing.o(.bss)
    virtualPos                               0x200000dc   Data          12  pathfollowing.o(.bss)
    virtualTarget                            0x200000e8   Data          12  pathfollowing.o(.bss)
    HEAP                                     0x200000f8   Section    24576  startup_stm32f4xx.o(HEAP)
    STACK                                    0x200060f8   Section     4096  startup_stm32f4xx.o(STACK)

    Global Symbols

    Symbol Name                              Value     Ov Type        Size  Object(Section)

    BuildAttributes$$THM_ISAv4$E$P$D$K$B$S$7EM$VFPi3$EXTD16$VFPS$VFMA$PE$A:L22UL41UL21$X:L11$S22US41US21$IEEE1$IW$USESV6$~STKCKD$USESV7$~SHL$OTIME$ROPI$IEEEX$EBA8$MICROLIB$REQ8$PRES8$EABIv2 0x00000000   Number         0  anon$$obj.o ABSOLUTE
    __ARM_use_no_argv                        0x00000000   Number         0  main.o ABSOLUTE
    __cpp_initialize__aeabi_                  - Undefined Weak Reference
    __cxa_finalize                            - Undefined Weak Reference
    __decompress                              - Undefined Weak Reference
    _clock_init                               - Undefined Weak Reference
    _microlib_exit                            - Undefined Weak Reference
    __Vectors_Size                           0x00000188   Number         0  startup_stm32f4xx.o ABSOLUTE
    __Vectors                                0x08000000   Data           4  startup_stm32f4xx.o(RESET)
    __Vectors_End                            0x08000188   Data           0  startup_stm32f4xx.o(RESET)
    __main                                   0x08000189   Thumb Code     0  entry.o(.ARM.Collect$$$$00000000)
    _main_stk                                0x08000189   Thumb Code     0  entry2.o(.ARM.Collect$$$$00000001)
    _main_scatterload                        0x0800018d   Thumb Code     0  entry5.o(.ARM.Collect$$$$00000004)
    __main_after_scatterload                 0x08000191   Thumb Code     0  entry5.o(.ARM.Collect$$$$00000004)
    _main_clock                              0x08000191   Thumb Code     0  entry7b.o(.ARM.Collect$$$$00000008)
    _main_cpp_init                           0x08000191   Thumb Code     0  entry8b.o(.ARM.Collect$$$$0000000A)
    _main_init                               0x08000191   Thumb Code     0  entry9a.o(.ARM.Collect$$$$0000000B)
    __rt_final_cpp                           0x08000199   Thumb Code     0  entry10a.o(.ARM.Collect$$$$0000000D)
    __rt_final_exit                          0x08000199   Thumb Code     0  entry11a.o(.ARM.Collect$$$$0000000F)
    Reset_Handler                            0x0800019d   Thumb Code    18  startup_stm32f4xx.o(.text)
    SysTick_Handler                          0x080001bf   Thumb Code     2  startup_stm32f4xx.o(.text)
    ADC_IRQHandler                           0x080001c1   Thumb Code     0  startup_stm32f4xx.o(.text)
    CAN1_RX1_IRQHandler                      0x080001c1   Thumb Code     0  startup_stm32f4xx.o(.text)
    CAN1_SCE_IRQHandler                      0x080001c1   Thumb Code     0  startup_stm32f4xx.o(.text)
    CAN1_TX_IRQHandler                       0x080001c1   Thumb Code     0  startup_stm32f4xx.o(.text)
    CAN2_RX0_IRQHandler                      0x080001c1   Thumb Code     0  startup_stm32f4xx.o(.text)
    CAN2_RX1_IRQHandler                      0x080001c1   Thumb Code     0  startup_stm32f4xx.o(.text)
    CAN2_SCE_IRQHandler                      0x080001c1   Thumb Code     0  startup_stm32f4xx.o(.text)
    CAN2_TX_IRQHandler                       0x080001c1   Thumb Code     0  startup_stm32f4xx.o(.text)
    CRYP_IRQHandler                          0x080001c1   Thumb Code     0  startup_stm32f4xx.o(.text)
    DCMI_IRQHandler                          0x080001c1   Thumb Code     0  startup_stm32f4xx.o(.text)
    DMA1_Stream0_IRQHandler                  0x080001c1   Thumb Code     0  startup_stm32f4xx.o(.text)
    DMA1_Stream1_IRQHandler                  0x080001c1   Thumb Code     0  startup_stm32f4xx.o(.text)
    DMA1_Stream2_IRQHandler                  0x080001c1   Thumb Code     0  startup_stm32f4xx.o(.text)
    DMA1_Stream3_IRQHandler                  0x080001c1   Thumb Code     0  startup_stm32f4xx.o(.text)
    DMA1_Stream4_IRQHandler                  0x080001c1   Thumb Code     0  startup_stm32f4xx.o(.text)
    DMA1_Stream5_IRQHandler                  0x080001c1   Thumb Code     0  startup_stm32f4xx.o(.text)
    DMA1_Stream6_IRQHandler                  0x080001c1   Thumb Code     0  startup_stm32f4xx.o(.text)
    DMA1_Stream7_IRQHandler                  0x080001c1   Thumb Code     0  startup_stm32f4xx.o(.text)
    DMA2_Stream0_IRQHandler                  0x080001c1   Thumb Code     0  startup_stm32f4xx.o(.text)
    DMA2_Stream1_IRQHandler                  0x080001c1   Thumb Code     0  startup_stm32f4xx.o(.text)
    DMA2_Stream2_IRQHandler                  0x080001c1   Thumb Code     0  startup_stm32f4xx.o(.text)
    DMA2_Stream3_IRQHandler                  0x080001c1   Thumb Code     0  startup_stm32f4xx.o(.text)
    DMA2_Stream4_IRQHandler                  0x080001c1   Thumb Code     0  startup_stm32f4xx.o(.text)
    DMA2_Stream5_IRQHandler                  0x080001c1   Thumb Code     0  startup_stm32f4xx.o(.text)
    DMA2_Stream6_IRQHandler                  0x080001c1   Thumb Code     0  startup_stm32f4xx.o(.text)
    DMA2_Stream7_IRQHandler                  0x080001c1   Thumb Code     0  startup_stm32f4xx.o(.text)
    ETH_IRQHandler                           0x080001c1   Thumb Code     0  startup_stm32f4xx.o(.text)
    ETH_WKUP_IRQHandler                      0x080001c1   Thumb Code     0  startup_stm32f4xx.o(.text)
    EXTI0_IRQHandler                         0x080001c1   Thumb Code     0  startup_stm32f4xx.o(.text)
    EXTI15_10_IRQHandler                     0x080001c1   Thumb Code     0  startup_stm32f4xx.o(.text)
    EXTI1_IRQHandler                         0x080001c1   Thumb Code     0  startup_stm32f4xx.o(.text)
    EXTI2_IRQHandler                         0x080001c1   Thumb Code     0  startup_stm32f4xx.o(.text)
    EXTI3_IRQHandler                         0x080001c1   Thumb Code     0  startup_stm32f4xx.o(.text)
    EXTI4_IRQHandler                         0x080001c1   Thumb Code     0  startup_stm32f4xx.o(.text)
    EXTI9_5_IRQHandler                       0x080001c1   Thumb Code     0  startup_stm32f4xx.o(.text)
    FLASH_IRQHandler                         0x080001c1   Thumb Code     0  startup_stm32f4xx.o(.text)
    FPU_IRQHandler                           0x080001c1   Thumb Code     0  startup_stm32f4xx.o(.text)
    FSMC_IRQHandler                          0x080001c1   Thumb Code     0  startup_stm32f4xx.o(.text)
    HASH_RNG_IRQHandler                      0x080001c1   Thumb Code     0  startup_stm32f4xx.o(.text)
    I2C1_ER_IRQHandler                       0x080001c1   Thumb Code     0  startup_stm32f4xx.o(.text)
    I2C1_EV_IRQHandler                       0x080001c1   Thumb Code     0  startup_stm32f4xx.o(.text)
    I2C2_ER_IRQHandler                       0x080001c1   Thumb Code     0  startup_stm32f4xx.o(.text)
    I2C2_EV_IRQHandler                       0x080001c1   Thumb Code     0  startup_stm32f4xx.o(.text)
    I2C3_ER_IRQHandler                       0x080001c1   Thumb Code     0  startup_stm32f4xx.o(.text)
    I2C3_EV_IRQHandler                       0x080001c1   Thumb Code     0  startup_stm32f4xx.o(.text)
    OTG_FS_IRQHandler                        0x080001c1   Thumb Code     0  startup_stm32f4xx.o(.text)
    OTG_FS_WKUP_IRQHandler                   0x080001c1   Thumb Code     0  startup_stm32f4xx.o(.text)
    OTG_HS_EP1_IN_IRQHandler                 0x080001c1   Thumb Code     0  startup_stm32f4xx.o(.text)
    OTG_HS_EP1_OUT_IRQHandler                0x080001c1   Thumb Code     0  startup_stm32f4xx.o(.text)
    OTG_HS_IRQHandler                        0x080001c1   Thumb Code     0  startup_stm32f4xx.o(.text)
    OTG_HS_WKUP_IRQHandler                   0x080001c1   Thumb Code     0  startup_stm32f4xx.o(.text)
    PVD_IRQHandler                           0x080001c1   Thumb Code     0  startup_stm32f4xx.o(.text)
    RCC_IRQHandler                           0x080001c1   Thumb Code     0  startup_stm32f4xx.o(.text)
    RTC_Alarm_IRQHandler                     0x080001c1   Thumb Code     0  startup_stm32f4xx.o(.text)
    RTC_WKUP_IRQHandler                      0x080001c1   Thumb Code     0  startup_stm32f4xx.o(.text)
    SDIO_IRQHandler                          0x080001c1   Thumb Code     0  startup_stm32f4xx.o(.text)
    SPI1_IRQHandler                          0x080001c1   Thumb Code     0  startup_stm32f4xx.o(.text)
    SPI2_IRQHandler                          0x080001c1   Thumb Code     0  startup_stm32f4xx.o(.text)
    SPI3_IRQHandler                          0x080001c1   Thumb Code     0  startup_stm32f4xx.o(.text)
    TAMP_STAMP_IRQHandler                    0x080001c1   Thumb Code     0  startup_stm32f4xx.o(.text)
    TIM1_BRK_TIM9_IRQHandler                 0x080001c1   Thumb Code     0  startup_stm32f4xx.o(.text)
    TIM1_CC_IRQHandler                       0x080001c1   Thumb Code     0  startup_stm32f4xx.o(.text)
    TIM1_TRG_COM_TIM11_IRQHandler            0x080001c1   Thumb Code     0  startup_stm32f4xx.o(.text)
    TIM1_UP_TIM10_IRQHandler                 0x080001c1   Thumb Code     0  startup_stm32f4xx.o(.text)
    TIM3_IRQHandler                          0x080001c1   Thumb Code     0  startup_stm32f4xx.o(.text)
    TIM4_IRQHandler                          0x080001c1   Thumb Code     0  startup_stm32f4xx.o(.text)
    TIM5_IRQHandler                          0x080001c1   Thumb Code     0  startup_stm32f4xx.o(.text)
    TIM6_DAC_IRQHandler                      0x080001c1   Thumb Code     0  startup_stm32f4xx.o(.text)
    TIM7_IRQHandler                          0x080001c1   Thumb Code     0  startup_stm32f4xx.o(.text)
    TIM8_BRK_TIM12_IRQHandler                0x080001c1   Thumb Code     0  startup_stm32f4xx.o(.text)
    TIM8_CC_IRQHandler                       0x080001c1   Thumb Code     0  startup_stm32f4xx.o(.text)
    TIM8_TRG_COM_TIM14_IRQHandler            0x080001c1   Thumb Code     0  startup_stm32f4xx.o(.text)
    TIM8_UP_TIM13_IRQHandler                 0x080001c1   Thumb Code     0  startup_stm32f4xx.o(.text)
    UART4_IRQHandler                         0x080001c1   Thumb Code     0  startup_stm32f4xx.o(.text)
    UART5_IRQHandler                         0x080001c1   Thumb Code     0  startup_stm32f4xx.o(.text)
    USART2_IRQHandler                        0x080001c1   Thumb Code     0  startup_stm32f4xx.o(.text)
    USART3_IRQHandler                        0x080001c1   Thumb Code     0  startup_stm32f4xx.o(.text)
    USART6_IRQHandler                        0x080001c1   Thumb Code     0  startup_stm32f4xx.o(.text)
    WWDG_IRQHandler                          0x080001c1   Thumb Code     0  startup_stm32f4xx.o(.text)
    __aeabi_memcpy                           0x080001d1   Thumb Code    36  memcpya.o(.text)
    __aeabi_memcpy4                          0x080001d1   Thumb Code     0  memcpya.o(.text)
    __aeabi_memcpy8                          0x080001d1   Thumb Code     0  memcpya.o(.text)
    __aeabi_dadd                             0x080001f5   Thumb Code   322  dadd.o(.text)
    __aeabi_dsub                             0x08000337   Thumb Code     6  dadd.o(.text)
    __aeabi_drsub                            0x0800033d   Thumb Code     6  dadd.o(.text)
    __aeabi_dmul                             0x08000343   Thumb Code   228  dmul.o(.text)
    __aeabi_ddiv                             0x08000427   Thumb Code   222  ddiv.o(.text)
    __aeabi_f2d                              0x08000505   Thumb Code    38  f2d.o(.text)
    __aeabi_cdcmpeq                          0x0800052d   Thumb Code     0  cdcmple.o(.text)
    __aeabi_cdcmple                          0x0800052d   Thumb Code    48  cdcmple.o(.text)
    __aeabi_cdrcmple                         0x0800055d   Thumb Code    48  cdrcmple.o(.text)
    __aeabi_d2f                              0x0800058d   Thumb Code    56  d2f.o(.text)
    __aeabi_llsl                             0x080005c5   Thumb Code    30  llshl.o(.text)
    _ll_shift_l                              0x080005c5   Thumb Code     0  llshl.o(.text)
    __aeabi_lasr                             0x080005e3   Thumb Code    36  llsshr.o(.text)
    _ll_sshift_r                             0x080005e3   Thumb Code     0  llsshr.o(.text)
    __I$use$fp                               0x08000607   Thumb Code     0  iusefp.o(.text)
    _float_round                             0x08000607   Thumb Code    18  fepilogue.o(.text)
    _float_epilogue                          0x08000619   Thumb Code    92  fepilogue.o(.text)
    _double_round                            0x08000675   Thumb Code    30  depilogue.o(.text)
    _double_epilogue                         0x08000693   Thumb Code   156  depilogue.o(.text)
    _dsqrt                                   0x0800072f   Thumb Code   162  dsqrt.o(.text)
    __scatterload                            0x080007d1   Thumb Code    28  init.o(.text)
    __scatterload_rt2                        0x080007d1   Thumb Code     0  init.o(.text)
    __aeabi_llsr                             0x080007f5   Thumb Code    32  llushr.o(.text)
    _ll_ushift_r                             0x080007f5   Thumb Code     0  llushr.o(.text)
    __aeabi_i2d                              0x08000815   Thumb Code    34  dflti.o(.text)
    __aeabi_ui2d                             0x08000837   Thumb Code    26  dfltui.o(.text)
    __aeabi_d2iz                             0x08000851   Thumb Code    62  dfixi.o(.text)
    AddPath                                  0x08000891   Thumb Code    16  possystem.o(i.AddPath)
    AngleControl                             0x080008a5   Thumb Code    68  pathfollowing.o(i.AngleControl)
    BeefOFF                                  0x080008f1   Thumb Code    24  gpio.o(i.BeefOFF)
    BeefON                                   0x0800090d   Thumb Code    24  gpio.o(i.BeefON)
    BufferZizeInit                           0x08000929   Thumb Code    30  ringbuffer.o(i.BufferZizeInit)
    BusFault_Handler                         0x08000951   Thumb Code     4  stm32f4xx_it.o(i.BusFault_Handler)
    CAN1_RX0_IRQHandler                      0x08000955   Thumb Code   118  stm32f4xx_it.o(i.CAN1_RX0_IRQHandler)
    CAN_ClearFlag                            0x080009f1   Thumb Code    52  stm32f4xx_can.o(i.CAN_ClearFlag)
    CAN_Config                               0x08000a29   Thumb Code   936  can.o(i.CAN_Config)
    CAN_DeInit                               0x08000dd5   Thumb Code    50  stm32f4xx_can.o(i.CAN_DeInit)
    CAN_FilterInit                           0x08000e0d   Thumb Code   258  stm32f4xx_can.o(i.CAN_FilterInit)
    CAN_ITConfig                             0x08000f15   Thumb Code    18  stm32f4xx_can.o(i.CAN_ITConfig)
    CAN_Init                                 0x08000f27   Thumb Code   276  stm32f4xx_can.o(i.CAN_Init)
    CAN_MessagePending                       0x0800103b   Thumb Code    30  stm32f4xx_can.o(i.CAN_MessagePending)
    CAN_Receive                              0x08001059   Thumb Code   240  stm32f4xx_can.o(i.CAN_Receive)
    CAN_RxMsg                                0x08001149   Thumb Code    72  can.o(i.CAN_RxMsg)
    CAN_Transmit                             0x08001191   Thumb Code   294  stm32f4xx_can.o(i.CAN_Transmit)
    CAN_TransmitStatus                       0x080012b9   Thumb Code   138  stm32f4xx_can.o(i.CAN_TransmitStatus)
    CaculateBsplineLen                       0x08001359   Thumb Code  1254  bspline.o(i.CaculateBsplineLen)
    CaculatePath                             0x08001841   Thumb Code   186  possystem.o(i.CaculatePath)
    CaculateThreeWheelVel                    0x08001911   Thumb Code   892  move.o(i.CaculateThreeWheelVel)
    CalculateAngleAdd                        0x08001c9d   Thumb Code    74  calculate.o(i.CalculateAngleAdd)
    CalculateAngleSub                        0x08001cf9   Thumb Code    74  calculate.o(i.CalculateAngleSub)
    CalculateLineAngle                       0x08001d55   Thumb Code    84  calculate.o(i.CalculateLineAngle)
    CalculatePoint2PointDistance             0x08001db1   Thumb Code   110  calculate.o(i.CalculatePoint2PointDistance)
    CalculateThreeWheelVell                  0x08001e21   Thumb Code   352  speedplaning.o(i.CalculateThreeWheelVell)
    CreateMemory                             0x08001f91   Thumb Code    78  calculate.o(i.CreateMemory)
    DebugMon_Handler                         0x08001fe5   Thumb Code     2  stm32f4xx_it.o(i.DebugMon_Handler)
    DecreseVellByOneWheel                    0x08001fe9   Thumb Code   490  speedplaning.o(i.DecreseVellByOneWheel)
    DeleteData                               0x080021d9   Thumb Code    12  ringbuffer.o(i.DeleteData)
    DynamicalAjusting                        0x080021e9   Thumb Code  1896  speedplaning.o(i.DynamicalAjusting)
    FLASH_DataCacheCmd                       0x08002951   Thumb Code    30  stm32f4xx_flash.o(i.FLASH_DataCacheCmd)
    FLASH_EraseSector                        0x08002975   Thumb Code   130  stm32f4xx_flash.o(i.FLASH_EraseSector)
    FLASH_GetStatus                          0x080029fd   Thumb Code    66  stm32f4xx_flash.o(i.FLASH_GetStatus)
    FLASH_Lock                               0x08002a45   Thumb Code    14  stm32f4xx_flash.o(i.FLASH_Lock)
    FLASH_ProgramWord                        0x08002a59   Thumb Code    74  stm32f4xx_flash.o(i.FLASH_ProgramWord)
    FLASH_Unlock                             0x08002aa9   Thumb Code    24  stm32f4xx_flash.o(i.FLASH_Unlock)
    FLASH_WaitForLastOperation               0x08002acd   Thumb Code    34  stm32f4xx_flash.o(i.FLASH_WaitForLastOperation)
    FreeMemory                               0x08002aef   Thumb Code    32  calculate.o(i.FreeMemory)
    GPIO_Init                                0x08002b0f   Thumb Code   144  stm32f4xx_gpio.o(i.GPIO_Init)
    GPIO_Init_Pins                           0x08002b9f   Thumb Code   168  gpio.o(i.GPIO_Init_Pins)
    GPIO_PinAFConfig                         0x08002c47   Thumb Code    70  stm32f4xx_gpio.o(i.GPIO_PinAFConfig)
    GPIO_ReadInputDataBit                    0x08002c8d   Thumb Code    18  stm32f4xx_gpio.o(i.GPIO_ReadInputDataBit)
    GPIO_ResetBits                           0x08002c9f   Thumb Code     4  stm32f4xx_gpio.o(i.GPIO_ResetBits)
    GPIO_SetBits                             0x08002ca3   Thumb Code     4  stm32f4xx_gpio.o(i.GPIO_SetBits)
    Gauss                                    0x08002ca9   Thumb Code   600  calculate.o(i.Gauss)
    GetAccMax                                0x08002f05   Thumb Code     6  threewheelmove.o(i.GetAccMax)
    GetAngleZ                                0x08002f11   Thumb Code     8  update.o(i.GetAngleZ)
    GetCount                                 0x08002f1d   Thumb Code    12  ringbuffer.o(i.GetCount)
    GetFristAdress                           0x08002f31   Thumb Code     6  ringbuffer.o(i.GetFristAdress)
    GetLength                                0x08002f3d   Thumb Code     8  ringbuffer.o(i.GetLength)
    GetPath                                  0x08002f49   Thumb Code    16  possystem.o(i.GetPath)
    GetPosPresent                            0x08002f5d   Thumb Code    40  possystem.o(i.GetPosPresent)
    GetPosx                                  0x08002f85   Thumb Code   118  update.o(i.GetPosx)
    GetPosy                                  0x08003011   Thumb Code   118  update.o(i.GetPosy)
    GetRingBufferAverCurvature               0x0800309d   Thumb Code    38  ringbuffer.o(i.GetRingBufferAverCurvature)
    GetRingBufferPoint                       0x080030d1   Thumb Code    42  ringbuffer.o(i.GetRingBufferPoint)
    GetRingBufferPointAngle                  0x08003109   Thumb Code    38  ringbuffer.o(i.GetRingBufferPointAngle)
    GetRingBufferPointLen                    0x0800313d   Thumb Code    38  ringbuffer.o(i.GetRingBufferPointLen)
    GetRingBufferPointPoseAngle              0x08003171   Thumb Code    38  ringbuffer.o(i.GetRingBufferPointPoseAngle)
    GetRingBufferPointVell                   0x080031a5   Thumb Code    38  ringbuffer.o(i.GetRingBufferPointVell)
    GetRobotRadius                           0x080031d9   Thumb Code     6  threewheelmove.o(i.GetRobotRadius)
    GetTrueVell                              0x080031e5   Thumb Code   702  move.o(i.GetTrueVell)
    GetVelMax                                0x080034b1   Thumb Code     6  threewheelmove.o(i.GetVelMax)
    GyroscopeUsartInit                       0x080034bd   Thumb Code   172  usart.o(i.GyroscopeUsartInit)
    HardFault_Handler                        0x08003571   Thumb Code     4  stm32f4xx_it.o(i.HardFault_Handler)
    Init                                     0x08003575   Thumb Code   200  main.o(i.Init)
    MemManage_Handler                        0x08003651   Thumb Code     4  stm32f4xx_it.o(i.MemManage_Handler)
    MyBeefInit                               0x08003655   Thumb Code    24  gpio.o(i.MyBeefInit)
    MySwitchInit                             0x08003671   Thumb Code    14  gpio.o(i.MySwitchInit)
    NMI_Handler                              0x08003685   Thumb Code     2  stm32f4xx_it.o(i.NMI_Handler)
    NVIC_Init                                0x08003689   Thumb Code   106  misc.o(i.NVIC_Init)
    NVIC_PriorityGroupConfig                 0x08003701   Thumb Code    10  misc.o(i.NVIC_PriorityGroupConfig)
    PathFollowing                            0x08003715   Thumb Code   894  pathfollowing.o(i.PathFollowing)
    PendSV_Handler                           0x08003ad1   Thumb Code     2  stm32f4xx_it.o(i.PendSV_Handler)
    PoseSampling                             0x08003ad5   Thumb Code   676  sampling.o(i.PoseSampling)
    PoseSamplingDone                         0x08003db1   Thumb Code    52  sampling.o(i.PoseSamplingDone)
    PoseSamplingLastPoint                    0x08003de9   Thumb Code   166  sampling.o(i.PoseSamplingLastPoint)
    PutRingBuffer                            0x08003e99   Thumb Code    82  ringbuffer.o(i.PutRingBuffer)
    RCC_AHB1PeriphClockCmd                   0x08003f01   Thumb Code    26  stm32f4xx_rcc.o(i.RCC_AHB1PeriphClockCmd)
    RCC_APB1PeriphClockCmd                   0x08003f21   Thumb Code    26  stm32f4xx_rcc.o(i.RCC_APB1PeriphClockCmd)
    RCC_APB1PeriphResetCmd                   0x08003f41   Thumb Code    26  stm32f4xx_rcc.o(i.RCC_APB1PeriphResetCmd)
    RCC_APB2PeriphClockCmd                   0x08003f61   Thumb Code    26  stm32f4xx_rcc.o(i.RCC_APB2PeriphClockCmd)
    RCC_GetClocksFreq                        0x08003f81   Thumb Code   214  stm32f4xx_rcc.o(i.RCC_GetClocksFreq)
    ReadFlashPointInformation                0x08004069   Thumb Code    70  sampling.o(i.ReadFlashPointInformation)
    ReadSwitch                               0x080040b5   Thumb Code    20  gpio.o(i.ReadSwitch)
    STMFLASH_GetFlashSector                  0x080040cd   Thumb Code   116  flash.o(i.STMFLASH_GetFlashSector)
    STMFLASH_Read                            0x0800416d   Thumb Code    32  flash.o(i.STMFLASH_Read)
    STMFLASH_ReadWord                        0x0800418d   Thumb Code     6  flash.o(i.STMFLASH_ReadWord)
    STMFLASH_Write                           0x08004195   Thumb Code   146  flash.o(i.STMFLASH_Write)
    SVC_Handler                              0x0800422d   Thumb Code     2  stm32f4xx_it.o(i.SVC_Handler)
    SerchBsplineVirtualPoint                 0x08004231   Thumb Code  1330  bspline.o(i.SerchBsplineVirtualPoint)
    SerchVirtualPoint                        0x08004769   Thumb Code   184  bspline.o(i.SerchVirtualPoint)
    SerchVirtualPoint2                       0x08004821   Thumb Code   174  bspline.o(i.SerchVirtualPoint2)
    SetAngleZ                                0x080048d1   Thumb Code     8  update.o(i.SetAngleZ)
    SetLength                                0x080048dd   Thumb Code     8  ringbuffer.o(i.SetLength)
    SetPosx                                  0x080048e9   Thumb Code     8  update.o(i.SetPosx)
    SetPosy                                  0x080048f5   Thumb Code     8  update.o(i.SetPosy)
    SetRingBufferPointVell                   0x08004901   Thumb Code    38  ringbuffer.o(i.SetRingBufferPointVell)
    SetUpPointer                             0x08004a21   Thumb Code     6  ringbuffer.o(i.SetUpPointer)
    SpeedPlaning                             0x08004a2d   Thumb Code  2422  speedplaning.o(i.SpeedPlaning)
    SystemInit                               0x080053ad   Thumb Code    88  system_stm32f4xx.o(i.SystemInit)
    TIM2_IRQHandler                          0x08005415   Thumb Code    44  stm32f4xx_it.o(i.TIM2_IRQHandler)
    TIM_ClearITPendingBit                    0x08005449   Thumb Code     6  stm32f4xx_tim.o(i.TIM_ClearITPendingBit)
    TIM_Cmd                                  0x0800544f   Thumb Code    24  stm32f4xx_tim.o(i.TIM_Cmd)
    TIM_Delay100us                           0x08005469   Thumb Code   454  timer.o(i.TIM_Delay100us)
    TIM_Delayms                              0x0800563d   Thumb Code    28  timer.o(i.TIM_Delayms)
    TIM_GetCounter                           0x08005659   Thumb Code     6  stm32f4xx_tim.o(i.TIM_GetCounter)
    TIM_GetITStatus                          0x0800565f   Thumb Code    34  stm32f4xx_tim.o(i.TIM_GetITStatus)
    TIM_ITConfig                             0x08005681   Thumb Code    18  stm32f4xx_tim.o(i.TIM_ITConfig)
    TIM_Init                                 0x08005695   Thumb Code   440  timer.o(i.TIM_Init)
    TIM_SetCounter                           0x08005859   Thumb Code     4  stm32f4xx_tim.o(i.TIM_SetCounter)
    TIM_TimeBaseInit                         0x0800585d   Thumb Code   104  stm32f4xx_tim.o(i.TIM_TimeBaseInit)
    ThreeWheelVelControl                     0x080058e1   Thumb Code   912  move.o(i.ThreeWheelVelControl)
    USART1_IRQHandler                        0x08005c81   Thumb Code   390  stm32f4xx_it.o(i.USART1_IRQHandler)
    USART_ClearFlag                          0x08005e39   Thumb Code    18  stm32f4xx_usart.o(i.USART_ClearFlag)
    USART_ClearITPendingBit                  0x08005e4b   Thumb Code    30  stm32f4xx_usart.o(i.USART_ClearITPendingBit)
    USART_Cmd                                0x08005e69   Thumb Code    24  stm32f4xx_usart.o(i.USART_Cmd)
    USART_GetITStatus                        0x08005e81   Thumb Code    84  stm32f4xx_usart.o(i.USART_GetITStatus)
    USART_ITConfig                           0x08005ed5   Thumb Code    74  stm32f4xx_usart.o(i.USART_ITConfig)
    USART_Init                               0x08005f21   Thumb Code   204  stm32f4xx_usart.o(i.USART_Init)
    USART_ReceiveData                        0x08005ff5   Thumb Code    10  stm32f4xx_usart.o(i.USART_ReceiveData)
    UpdateLenBegin                           0x08006001   Thumb Code     8  possystem.o(i.UpdateLenBegin)
    UpdateLenStop                            0x0800600d   Thumb Code     8  possystem.o(i.UpdateLenStop)
    UsageFault_Handler                       0x08006019   Thumb Code     4  stm32f4xx_it.o(i.UsageFault_Handler)
    VelControlTriWheel                       0x08006055   Thumb Code    96  threewheelmove.o(i.VelControlTriWheel)
    VelCrl                                   0x080060b5   Thumb Code   184  elmo.o(i.VelCrl)
    Vel_cfg                                  0x08006175   Thumb Code   202  elmo.o(i.Vel_cfg)
    WirelessBluetoothUsartInit               0x0800624d   Thumb Code   182  usart.o(i.WirelessBluetoothUsartInit)
    __ARM_fpclassify                         0x0800630d   Thumb Code    48  fpclassify.o(i.__ARM_fpclassify)
    __ARM_fpclassifyf                        0x0800633d   Thumb Code    38  fpclassifyf.o(i.__ARM_fpclassifyf)
    __hardfp_atan2f                          0x08006365   Thumb Code   502  atan2f.o(i.__hardfp_atan2f)
    __hardfp_cos                             0x080065b9   Thumb Code   180  cos.o(i.__hardfp_cos)
    __hardfp_fabs                            0x08006681   Thumb Code    20  fabs.o(i.__hardfp_fabs)
    __hardfp_sin                             0x08006699   Thumb Code   180  sin.o(i.__hardfp_sin)
    __hardfp_sqrt                            0x08006761   Thumb Code   122  sqrt.o(i.__hardfp_sqrt)
    __ieee754_rem_pio2                       0x080067e1   Thumb Code   938  rred.o(i.__ieee754_rem_pio2)
    __kernel_cos                             0x08006c19   Thumb Code   322  cos_i.o(i.__kernel_cos)
    __kernel_poly                            0x08006d89   Thumb Code   248  poly.o(i.__kernel_poly)
    __kernel_sin                             0x08006e81   Thumb Code   280  sin_i.o(i.__kernel_sin)
    __mathlib_dbl_infnan                     0x08006fb1   Thumb Code    20  dunder.o(i.__mathlib_dbl_infnan)
    __mathlib_dbl_invalid                    0x08006fc9   Thumb Code    24  dunder.o(i.__mathlib_dbl_invalid)
    __mathlib_dbl_underflow                  0x08006fe9   Thumb Code    24  dunder.o(i.__mathlib_dbl_underflow)
    __mathlib_flt_infnan2                    0x08007009   Thumb Code     6  funder.o(i.__mathlib_flt_infnan2)
    __mathlib_flt_underflow                  0x08007011   Thumb Code    10  funder.o(i.__mathlib_flt_underflow)
    __scatterload_copy                       0x08007021   Thumb Code    14  handlers.o(i.__scatterload_copy)
    __scatterload_null                       0x0800702f   Thumb Code     2  handlers.o(i.__scatterload_null)
    __scatterload_zeroinit                   0x08007031   Thumb Code    14  handlers.o(i.__scatterload_zeroinit)
    __set_errno                              0x08007041   Thumb Code     6  errno.o(i.__set_errno)
    elmo_Enable                              0x08007065   Thumb Code   130  elmo.o(i.elmo_Enable)
    fabs                                     0x080070f1   Thumb Code    24  fabs.o(i.fabs)
    free                                     0x08007109   Thumb Code    76  malloc.o(i.free)
    main                                     0x08007159   Thumb Code   164  main.o(i.main)
    malloc                                   0x08007209   Thumb Code    92  malloc.o(i.malloc)
    Region$$Table$$Base                      0x080074c8   Number         0  anon$$obj.o(Region$$Table)
    Region$$Table$$Limit                     0x080074e8   Number         0  anon$$obj.o(Region$$Table)
    GyroscopeFlag                            0x20000004   Data           1  main.o(.data)
    TIM2_COUNT                               0x2000000c   Data           4  stm32f4xx_it.o(.data)
    ringBuffer                               0x2000007c   Data           4  ringbuffer.o(.data)
    USARTSEND                                0x20000090   Data           1  sampling.o(.data)
    __microlib_freelist                      0x200000b8   Data           4  mvars.o(.data)
    __microlib_freelist_initialised          0x200000bc   Data           4  mvars.o(.data)
    __heap_base                              0x200000f8   Data           0  startup_stm32f4xx.o(HEAP)
    __heap_limit                             0x200060f8   Data           0  startup_stm32f4xx.o(HEAP)
    __initial_sp                             0x200070f8   Data           0  startup_stm32f4xx.o(STACK)



==============================================================================

Memory Map of the image

  Image Entry point : 0x08000189

  Load Region LR_IROM1 (Base: 0x08000000, Size: 0x000075ac, Max: 0x00080000, ABSOLUTE)

    Execution Region ER_IROM1 (Base: 0x08000000, Size: 0x000074e8, Max: 0x00080000, ABSOLUTE)

    Base Addr    Size         Type   Attr      Idx    E Section Name        Object

    0x08000000   0x00000188   Data   RO          389    RESET               startup_stm32f4xx.o
    0x08000188   0x00000000   Code   RO         2903  * .ARM.Collect$$$$00000000  mc_w.l(entry.o)
    0x08000188   0x00000004   Code   RO         3007    .ARM.Collect$$$$00000001  mc_w.l(entry2.o)
    0x0800018c   0x00000004   Code   RO         3010    .ARM.Collect$$$$00000004  mc_w.l(entry5.o)
    0x08000190   0x00000000   Code   RO         3012    .ARM.Collect$$$$00000008  mc_w.l(entry7b.o)
    0x08000190   0x00000000   Code   RO         3014    .ARM.Collect$$$$0000000A  mc_w.l(entry8b.o)
    0x08000190   0x00000008   Code   RO         3015    .ARM.Collect$$$$0000000B  mc_w.l(entry9a.o)
    0x08000198   0x00000000   Code   RO         3017    .ARM.Collect$$$$0000000D  mc_w.l(entry10a.o)
    0x08000198   0x00000000   Code   RO         3019    .ARM.Collect$$$$0000000F  mc_w.l(entry11a.o)
    0x08000198   0x00000004   Code   RO         3008    .ARM.Collect$$$$00002712  mc_w.l(entry2.o)
    0x0800019c   0x00000034   Code   RO          390    .text               startup_stm32f4xx.o
    0x080001d0   0x00000024   Code   RO         2906    .text               mc_w.l(memcpya.o)
    0x080001f4   0x0000014e   Code   RO         2938    .text               mf_w.l(dadd.o)
    0x08000342   0x000000e4   Code   RO         2940    .text               mf_w.l(dmul.o)
    0x08000426   0x000000de   Code   RO         2942    .text               mf_w.l(ddiv.o)
    0x08000504   0x00000026   Code   RO         2946    .text               mf_w.l(f2d.o)
    0x0800052a   0x00000002   PAD
    0x0800052c   0x00000030   Code   RO         2948    .text               mf_w.l(cdcmple.o)
    0x0800055c   0x00000030   Code   RO         2950    .text               mf_w.l(cdrcmple.o)
    0x0800058c   0x00000038   Code   RO         2952    .text               mf_w.l(d2f.o)
    0x080005c4   0x0000001e   Code   RO         3021    .text               mc_w.l(llshl.o)
    0x080005e2   0x00000024   Code   RO         3023    .text               mc_w.l(llsshr.o)
    0x08000606   0x00000000   Code   RO         3034    .text               mc_w.l(iusefp.o)
    0x08000606   0x0000006e   Code   RO         3035    .text               mf_w.l(fepilogue.o)
    0x08000674   0x000000ba   Code   RO         3037    .text               mf_w.l(depilogue.o)
    0x0800072e   0x000000a2   Code   RO         3039    .text               mf_w.l(dsqrt.o)
    0x080007d0   0x00000024   Code   RO         3045    .text               mc_w.l(init.o)
    0x080007f4   0x00000020   Code   RO         3047    .text               mc_w.l(llushr.o)
    0x08000814   0x00000022   Code   RO         3049    .text               mf_w.l(dflti.o)
    0x08000836   0x0000001a   Code   RO         3051    .text               mf_w.l(dfltui.o)
    0x08000850   0x0000003e   Code   RO         3053    .text               mf_w.l(dfixi.o)
    0x0800088e   0x00000002   PAD
    0x08000890   0x00000014   Code   RO         2467    i.AddPath           motionCard.lib(possystem.o)
    0x080008a4   0x0000004c   Code   RO         2239    i.AngleControl      motionCard.lib(pathfollowing.o)
    0x080008f0   0x0000001c   Code   RO          148    i.BeefOFF           gpio.o
    0x0800090c   0x0000001c   Code   RO          149    i.BeefON            gpio.o
    0x08000928   0x00000028   Code   RO         2300    i.BufferZizeInit    motionCard.lib(ringbuffer.o)
    0x08000950   0x00000004   Code   RO          205    i.BusFault_Handler  stm32f4xx_it.o
    0x08000954   0x0000009c   Code   RO          206    i.CAN1_RX0_IRQHandler  stm32f4xx_it.o
    0x080009f0   0x00000038   Code   RO          441    i.CAN_ClearFlag     stm32f4xx_can.o
    0x08000a28   0x000003ac   Code   RO          113    i.CAN_Config        can.o
    0x08000dd4   0x00000038   Code   RO          444    i.CAN_DeInit        stm32f4xx_can.o
    0x08000e0c   0x00000108   Code   RO          446    i.CAN_FilterInit    stm32f4xx_can.o
    0x08000f14   0x00000012   Code   RO          452    i.CAN_ITConfig      stm32f4xx_can.o
    0x08000f26   0x00000114   Code   RO          453    i.CAN_Init          stm32f4xx_can.o
    0x0800103a   0x0000001e   Code   RO          454    i.CAN_MessagePending  stm32f4xx_can.o
    0x08001058   0x000000f0   Code   RO          456    i.CAN_Receive       stm32f4xx_can.o
    0x08001148   0x00000048   Code   RO          114    i.CAN_RxMsg         can.o
    0x08001190   0x00000126   Code   RO          461    i.CAN_Transmit      stm32f4xx_can.o
    0x080012b6   0x00000002   PAD
    0x080012b8   0x000000a0   Code   RO          462    i.CAN_TransmitStatus  stm32f4xx_can.o
    0x08001358   0x000004e6   Code   RO         2589    i.CaculateBsplineLen  motionCard.lib(bspline.o)
    0x0800183e   0x00000002   PAD
    0x08001840   0x000000d0   Code   RO         2468    i.CaculatePath      motionCard.lib(possystem.o)
    0x08001910   0x0000038c   Code   RO         2801    i.CaculateThreeWheelVel  motionCard.lib(move.o)
    0x08001c9c   0x0000005c   Code   RO         2729    i.CalculateAngleAdd  motionCard.lib(calculate.o)
    0x08001cf8   0x0000005c   Code   RO         2730    i.CalculateAngleSub  motionCard.lib(calculate.o)
    0x08001d54   0x0000005c   Code   RO         2733    i.CalculateLineAngle  motionCard.lib(calculate.o)
    0x08001db0   0x0000006e   Code   RO         2734    i.CalculatePoint2PointDistance  motionCard.lib(calculate.o)
    0x08001e1e   0x00000002   PAD
    0x08001e20   0x00000170   Code   RO         2671    i.CalculateThreeWheelVell  motionCard.lib(speedplaning.o)
    0x08001f90   0x00000054   Code   RO         2736    i.CreateMemory      motionCard.lib(calculate.o)
    0x08001fe4   0x00000002   Code   RO          207    i.DebugMon_Handler  stm32f4xx_it.o
    0x08001fe6   0x00000002   PAD
    0x08001fe8   0x000001f0   Code   RO         2672    i.DecreseVellByOneWheel  motionCard.lib(speedplaning.o)
    0x080021d8   0x00000010   Code   RO         2302    i.DeleteData        motionCard.lib(ringbuffer.o)
    0x080021e8   0x00000768   Code   RO         2673    i.DynamicalAjusting  motionCard.lib(speedplaning.o)
    0x08002950   0x00000024   Code   RO         1732    i.FLASH_DataCacheCmd  stm32f4xx_flash.o
    0x08002974   0x00000088   Code   RO         1735    i.FLASH_EraseSector  stm32f4xx_flash.o
    0x080029fc   0x00000048   Code   RO         1737    i.FLASH_GetStatus   stm32f4xx_flash.o
    0x08002a44   0x00000014   Code   RO         1741    i.FLASH_Lock        stm32f4xx_flash.o
    0x08002a58   0x00000050   Code   RO         1757    i.FLASH_ProgramWord  stm32f4xx_flash.o
    0x08002aa8   0x00000024   Code   RO         1759    i.FLASH_Unlock      stm32f4xx_flash.o
    0x08002acc   0x00000022   Code   RO         1760    i.FLASH_WaitForLastOperation  stm32f4xx_flash.o
    0x08002aee   0x00000020   Code   RO         2737    i.FreeMemory        motionCard.lib(calculate.o)
    0x08002b0e   0x00000090   Code   RO          604    i.GPIO_Init         stm32f4xx_gpio.o
    0x08002b9e   0x000000a8   Code   RO          150    i.GPIO_Init_Pins    gpio.o
    0x08002c46   0x00000046   Code   RO          605    i.GPIO_PinAFConfig  stm32f4xx_gpio.o
    0x08002c8c   0x00000012   Code   RO          608    i.GPIO_ReadInputDataBit  stm32f4xx_gpio.o
    0x08002c9e   0x00000004   Code   RO          611    i.GPIO_ResetBits    stm32f4xx_gpio.o
    0x08002ca2   0x00000004   Code   RO          612    i.GPIO_SetBits      stm32f4xx_gpio.o
    0x08002ca6   0x00000002   PAD
    0x08002ca8   0x0000025c   Code   RO         2738    i.Gauss             motionCard.lib(calculate.o)
    0x08002f04   0x0000000c   Code   RO         2051    i.GetAccMax         threewheelmove.o
    0x08002f10   0x0000000c   Code   RO         1975    i.GetAngleZ         update.o
    0x08002f1c   0x00000014   Code   RO         2303    i.GetCount          motionCard.lib(ringbuffer.o)
    0x08002f30   0x0000000c   Code   RO         2305    i.GetFristAdress    motionCard.lib(ringbuffer.o)
    0x08002f3c   0x0000000c   Code   RO         2306    i.GetLength         motionCard.lib(ringbuffer.o)
    0x08002f48   0x00000014   Code   RO         2470    i.GetPath           motionCard.lib(possystem.o)
    0x08002f5c   0x00000028   Code   RO         2471    i.GetPosPresent     motionCard.lib(possystem.o)
    0x08002f84   0x0000008c   Code   RO         1976    i.GetPosx           update.o
    0x08003010   0x0000008c   Code   RO         1977    i.GetPosy           update.o
    0x0800309c   0x00000034   Code   RO         2309    i.GetRingBufferAverCurvature  motionCard.lib(ringbuffer.o)
    0x080030d0   0x00000038   Code   RO         2310    i.GetRingBufferPoint  motionCard.lib(ringbuffer.o)
    0x08003108   0x00000034   Code   RO         2311    i.GetRingBufferPointAngle  motionCard.lib(ringbuffer.o)
    0x0800313c   0x00000034   Code   RO         2312    i.GetRingBufferPointLen  motionCard.lib(ringbuffer.o)
    0x08003170   0x00000034   Code   RO         2313    i.GetRingBufferPointPoseAngle  motionCard.lib(ringbuffer.o)
    0x080031a4   0x00000034   Code   RO         2314    i.GetRingBufferPointVell  motionCard.lib(ringbuffer.o)
    0x080031d8   0x0000000c   Code   RO         2052    i.GetRobotRadius    threewheelmove.o
    0x080031e4   0x000002cc   Code   RO         2802    i.GetTrueVell       motionCard.lib(move.o)
    0x080034b0   0x0000000c   Code   RO         2053    i.GetVelMax         threewheelmove.o
    0x080034bc   0x000000b4   Code   RO          331    i.GyroscopeUsartInit  usart.o
    0x08003570   0x00000004   Code   RO          208    i.HardFault_Handler  stm32f4xx_it.o
    0x08003574   0x000000dc   Code   RO            3    i.Init              main.o
    0x08003650   0x00000004   Code   RO          209    i.MemManage_Handler  stm32f4xx_it.o
    0x08003654   0x0000001c   Code   RO          152    i.MyBeefInit        gpio.o
    0x08003670   0x00000014   Code   RO          153    i.MySwitchInit      gpio.o
    0x08003684   0x00000002   Code   RO          210    i.NMI_Handler       stm32f4xx_it.o
    0x08003686   0x00000002   PAD
    0x08003688   0x00000078   Code   RO          396    i.NVIC_Init         misc.o
    0x08003700   0x00000014   Code   RO          397    i.NVIC_PriorityGroupConfig  misc.o
    0x08003714   0x000003bc   Code   RO         2240    i.PathFollowing     motionCard.lib(pathfollowing.o)
    0x08003ad0   0x00000002   Code   RO          211    i.PendSV_Handler    stm32f4xx_it.o
    0x08003ad2   0x00000002   PAD
    0x08003ad4   0x000002dc   Code   RO         2522    i.PoseSampling      motionCard.lib(sampling.o)
    0x08003db0   0x00000038   Code   RO         2523    i.PoseSamplingDone  motionCard.lib(sampling.o)
    0x08003de8   0x000000b0   Code   RO         2524    i.PoseSamplingLastPoint  motionCard.lib(sampling.o)
    0x08003e98   0x00000068   Code   RO         2317    i.PutRingBuffer     motionCard.lib(ringbuffer.o)
    0x08003f00   0x00000020   Code   RO          701    i.RCC_AHB1PeriphClockCmd  stm32f4xx_rcc.o
    0x08003f20   0x00000020   Code   RO          710    i.RCC_APB1PeriphClockCmd  stm32f4xx_rcc.o
    0x08003f40   0x00000020   Code   RO          712    i.RCC_APB1PeriphResetCmd  stm32f4xx_rcc.o
    0x08003f60   0x00000020   Code   RO          713    i.RCC_APB2PeriphClockCmd  stm32f4xx_rcc.o
    0x08003f80   0x000000e8   Code   RO          722    i.RCC_GetClocksFreq  stm32f4xx_rcc.o
    0x08004068   0x0000004c   Code   RO         2525    i.ReadFlashPointInformation  motionCard.lib(sampling.o)
    0x080040b4   0x00000018   Code   RO          154    i.ReadSwitch        gpio.o
    0x080040cc   0x000000a0   Code   RO         2633    i.STMFLASH_GetFlashSector  motionCard.lib(flash.o)
    0x0800416c   0x00000020   Code   RO         2634    i.STMFLASH_Read     motionCard.lib(flash.o)
    0x0800418c   0x00000006   Code   RO         2635    i.STMFLASH_ReadWord  motionCard.lib(flash.o)
    0x08004192   0x00000002   PAD
    0x08004194   0x00000098   Code   RO         2636    i.STMFLASH_Write    motionCard.lib(flash.o)
    0x0800422c   0x00000002   Code   RO          212    i.SVC_Handler       stm32f4xx_it.o
    0x0800422e   0x00000002   PAD
    0x08004230   0x00000538   Code   RO         2590    i.SerchBsplineVirtualPoint  motionCard.lib(bspline.o)
    0x08004768   0x000000b8   Code   RO         2591    i.SerchVirtualPoint  motionCard.lib(bspline.o)
    0x08004820   0x000000ae   Code   RO         2592    i.SerchVirtualPoint2  motionCard.lib(bspline.o)
    0x080048ce   0x00000002   PAD
    0x080048d0   0x0000000c   Code   RO         1980    i.SetAngleZ         update.o
    0x080048dc   0x0000000c   Code   RO         2318    i.SetLength         motionCard.lib(ringbuffer.o)
    0x080048e8   0x0000000c   Code   RO         1981    i.SetPosx           update.o
    0x080048f4   0x0000000c   Code   RO         1982    i.SetPosy           update.o
    0x08004900   0x00000034   Code   RO         2321    i.SetRingBufferPointVell  motionCard.lib(ringbuffer.o)
    0x08004934   0x000000ec   Code   RO         2195    i.SetSysClock       system_stm32f4xx.o
    0x08004a20   0x0000000c   Code   RO         2322    i.SetUpPointer      motionCard.lib(ringbuffer.o)
    0x08004a2c   0x00000980   Code   RO         2674    i.SpeedPlaning      motionCard.lib(speedplaning.o)
    0x080053ac   0x00000068   Code   RO         2197    i.SystemInit        system_stm32f4xx.o
    0x08005414   0x00000034   Code   RO          213    i.TIM2_IRQHandler   stm32f4xx_it.o
    0x08005448   0x00000006   Code   RO         1180    i.TIM_ClearITPendingBit  stm32f4xx_tim.o
    0x0800544e   0x00000018   Code   RO         1185    i.TIM_Cmd           stm32f4xx_tim.o
    0x08005466   0x00000002   PAD
    0x08005468   0x000001d4   Code   RO          293    i.TIM_Delay100us    timer.o
    0x0800563c   0x0000001c   Code   RO          294    i.TIM_Delayms       timer.o
    0x08005658   0x00000006   Code   RO         1204    i.TIM_GetCounter    stm32f4xx_tim.o
    0x0800565e   0x00000022   Code   RO         1206    i.TIM_GetITStatus   stm32f4xx_tim.o
    0x08005680   0x00000012   Code   RO         1210    i.TIM_ITConfig      stm32f4xx_tim.o
    0x08005692   0x00000002   PAD
    0x08005694   0x000001c4   Code   RO          296    i.TIM_Init          timer.o
    0x08005858   0x00000004   Code   RO         1251    i.TIM_SetCounter    stm32f4xx_tim.o
    0x0800585c   0x00000084   Code   RO         1257    i.TIM_TimeBaseInit  stm32f4xx_tim.o
    0x080058e0   0x000003a0   Code   RO         2803    i.ThreeWheelVelControl  motionCard.lib(move.o)
    0x08005c80   0x000001b8   Code   RO          214    i.USART1_IRQHandler  stm32f4xx_it.o
    0x08005e38   0x00000012   Code   RO          981    i.USART_ClearFlag   stm32f4xx_usart.o
    0x08005e4a   0x0000001e   Code   RO          982    i.USART_ClearITPendingBit  stm32f4xx_usart.o
    0x08005e68   0x00000018   Code   RO          985    i.USART_Cmd         stm32f4xx_usart.o
    0x08005e80   0x00000054   Code   RO          989    i.USART_GetITStatus  stm32f4xx_usart.o
    0x08005ed4   0x0000004a   Code   RO          991    i.USART_ITConfig    stm32f4xx_usart.o
    0x08005f1e   0x00000002   PAD
    0x08005f20   0x000000d4   Code   RO          992    i.USART_Init        stm32f4xx_usart.o
    0x08005ff4   0x0000000a   Code   RO          999    i.USART_ReceiveData  stm32f4xx_usart.o
    0x08005ffe   0x00000002   PAD
    0x08006000   0x0000000c   Code   RO         2472    i.UpdateLenBegin    motionCard.lib(possystem.o)
    0x0800600c   0x0000000c   Code   RO         2473    i.UpdateLenStop     motionCard.lib(possystem.o)
    0x08006018   0x00000004   Code   RO          215    i.UsageFault_Handler  stm32f4xx_it.o
    0x0800601c   0x00000038   Code   RO         2055    i.Vel2Pulse         threewheelmove.o
    0x08006054   0x00000060   Code   RO         2056    i.VelControlTriWheel  threewheelmove.o
    0x080060b4   0x000000c0   Code   RO         2111    i.VelCrl            elmo.o
    0x08006174   0x000000d8   Code   RO         2112    i.Vel_cfg           elmo.o
    0x0800624c   0x000000c0   Code   RO          334    i.WirelessBluetoothUsartInit  usart.o
    0x0800630c   0x00000030   Code   RO         3041    i.__ARM_fpclassify  m_wm.l(fpclassify.o)
    0x0800633c   0x00000026   Code   RO         2971    i.__ARM_fpclassifyf  m_wm.l(fpclassifyf.o)
    0x08006362   0x00000002   PAD
    0x08006364   0x00000250   Code   RO         2825    i.__hardfp_atan2f   m_wm.l(atan2f.o)
    0x080065b4   0x00000004   PAD
    0x080065b8   0x000000c8   Code   RO         2837    i.__hardfp_cos      m_wm.l(cos.o)
    0x08006680   0x00000014   Code   RO         2849    i.__hardfp_fabs     m_wm.l(fabs.o)
    0x08006694   0x00000004   PAD
    0x08006698   0x000000c8   Code   RO         2855    i.__hardfp_sin      m_wm.l(sin.o)
    0x08006760   0x0000007a   Code   RO         2867    i.__hardfp_sqrt     m_wm.l(sqrt.o)
    0x080067da   0x00000006   PAD
    0x080067e0   0x00000438   Code   RO         2987    i.__ieee754_rem_pio2  m_wm.l(rred.o)
    0x08006c18   0x00000170   Code   RO         2954    i.__kernel_cos      m_wm.l(cos_i.o)
    0x08006d88   0x000000f8   Code   RO         3043    i.__kernel_poly     m_wm.l(poly.o)
    0x08006e80   0x00000130   Code   RO         2995    i.__kernel_sin      m_wm.l(sin_i.o)
    0x08006fb0   0x00000014   Code   RO         2958    i.__mathlib_dbl_infnan  m_wm.l(dunder.o)
    0x08006fc4   0x00000004   PAD
    0x08006fc8   0x00000020   Code   RO         2960    i.__mathlib_dbl_invalid  m_wm.l(dunder.o)
    0x08006fe8   0x00000020   Code   RO         2963    i.__mathlib_dbl_underflow  m_wm.l(dunder.o)
    0x08007008   0x00000006   Code   RO         2975    i.__mathlib_flt_infnan2  m_wm.l(funder.o)
    0x0800700e   0x00000002   PAD
    0x08007010   0x00000010   Code   RO         2979    i.__mathlib_flt_underflow  m_wm.l(funder.o)
    0x08007020   0x0000000e   Code   RO         3057    i.__scatterload_copy  mc_w.l(handlers.o)
    0x0800702e   0x00000002   Code   RO         3058    i.__scatterload_null  mc_w.l(handlers.o)
    0x08007030   0x0000000e   Code   RO         3059    i.__scatterload_zeroinit  mc_w.l(handlers.o)
    0x0800703e   0x00000002   PAD
    0x08007040   0x0000000c   Code   RO         3029    i.__set_errno       mc_w.l(errno.o)
    0x0800704c   0x00000018   Code   RO         2323    i.addring           motionCard.lib(ringbuffer.o)
    0x08007064   0x0000008c   Code   RO         2114    i.elmo_Enable       elmo.o
    0x080070f0   0x00000018   Code   RO         2851    i.fabs              m_wm.l(fabs.o)
    0x08007108   0x00000050   Code   RO         2910    i.free              mc_w.l(malloc.o)
    0x08007158   0x000000b0   Code   RO            4    i.main              main.o
    0x08007208   0x0000006c   Code   RO         2911    i.malloc            mc_w.l(malloc.o)
    0x08007274   0x00000110   Data   RO         2117    .constdata          elmo.o
    0x08007384   0x00000020   Data   RO         2593    .constdata          motionCard.lib(bspline.o)
    0x080073a4   0x00000004   PAD
    0x080073a8   0x00000030   Data   RO         2955    .constdata          m_wm.l(cos_i.o)
    0x080073d8   0x000000c8   Data   RO         2989    .constdata          m_wm.l(rred.o)
    0x080074a0   0x00000028   Data   RO         2996    .constdata          m_wm.l(sin_i.o)
    0x080074c8   0x00000020   Data   RO         3055    Region$$Table       anon$$obj.o


    Execution Region RW_IRAM1 (Base: 0x20000000, Size: 0x000070f8, Max: 0x00020000, ABSOLUTE)

    Base Addr    Size         Type   Attr      Idx    E Section Name        Object

    0x20000000   0x0000000c   Data   RW            5    .data               main.o
    0x2000000c   0x0000002c   Data   RW          217    .data               stm32f4xx_it.o
    0x20000038   0x00000010   Data   RW          745    .data               stm32f4xx_rcc.o
    0x20000048   0x00000014   Data   RW         1985    .data               update.o
    0x2000005c   0x0000000c   Data   RW         2242    .data               motionCard.lib(pathfollowing.o)
    0x20000068   0x00000018   Data   RW         2324    .data               motionCard.lib(ringbuffer.o)
    0x20000080   0x00000010   Data   RW         2474    .data               motionCard.lib(possystem.o)
    0x20000090   0x00000028   Data   RW         2527    .data               motionCard.lib(sampling.o)
    0x200000b8   0x00000004   Data   RW         3025    .data               mc_w.l(mvars.o)
    0x200000bc   0x00000004   Data   RW         3026    .data               mc_w.l(mvars.o)
    0x200000c0   0x00000004   Data   RW         3030    .data               mc_w.l(errno.o)
    0x200000c4   0x00000018   Zero   RW          216    .bss                stm32f4xx_it.o
    0x200000dc   0x00000018   Zero   RW         2241    .bss                motionCard.lib(pathfollowing.o)
    0x200000f4   0x00000004   PAD
    0x200000f8   0x00006000   Zero   RW          388    HEAP                startup_stm32f4xx.o
    0x200060f8   0x00001000   Zero   RW          387    STACK               startup_stm32f4xx.o


==============================================================================

Image component sizes


      Code (inc. data)   RO Data    RW Data    ZI Data      Debug   Object Name

      1012         14          0          0          0       2825   can.o
       548         32        272          0          0       2237   elmo.o
       296         32          0          0          0       3482   gpio.o
       396         32          0         12          0     268286   main.o
       140         24          0          0          0       1651   misc.o
        52         14        392          0      28672        832   startup_stm32f4xx.o
      1394         38          0          0          0       7351   stm32f4xx_can.o
       414         42          0          0          0      10072   stm32f4xx_flash.o
       240          0          0          0          0       3727   stm32f4xx_gpio.o
       672        102          0         44         24       5889   stm32f4xx_it.o
       360         42          0         16          0       5168   stm32f4xx_rcc.o
       224         28          0          0          0       5048   stm32f4xx_tim.o
       452          8          0          0          0       5762   stm32f4xx_usart.o
       340         32          0          0          0       1493   system_stm32f4xx.o
       188         32          0          0          0       2702   threewheelmove.o
       948         26          0          0          0       2710   timer.o
       328         60          0         20          0       3280   update.o
       372         18          0          0          0       1522   usart.o

    ----------------------------------------------------------------------
      8396        576        696         92      28696     334037   Object Totals
         0          0         32          0          0          0   (incl. Generated)
        20          0          0          0          0          0   (incl. Padding)

    ----------------------------------------------------------------------

      Code (inc. data)   RO Data    RW Data    ZI Data      Debug   Library Member Name

       592         90          0          0          0        184   atan2f.o
       200         20          0          0          0        164   cos.o
       368         46         48          0          0        200   cos_i.o
        84         16          0          0          0        372   dunder.o
        44          0          0          0          0        248   fabs.o
        48          0          0          0          0        124   fpclassify.o
        38          0          0          0          0        116   fpclassifyf.o
        22          6          0          0          0        232   funder.o
       248          0          0          0          0        152   poly.o
      1080        142        200          0          0        188   rred.o
       200         20          0          0          0        164   sin.o
       304         24         40          0          0        208   sin_i.o
       122          0          0          0          0        148   sqrt.o
         0          0          0          0          0          0   entry.o
         0          0          0          0          0          0   entry10a.o
         0          0          0          0          0          0   entry11a.o
         8          4          0          0          0          0   entry2.o
         4          0          0          0          0          0   entry5.o
         0          0          0          0          0          0   entry7b.o
         0          0          0          0          0          0   entry8b.o
         8          4          0          0          0          0   entry9a.o
        12          6          0          4          0         68   errno.o
        30          0          0          0          0          0   handlers.o
        36          8          0          0          0         68   init.o
         0          0          0          0          0          0   iusefp.o
        30          0          0          0          0         68   llshl.o
        36          0          0          0          0         68   llsshr.o
        32          0          0          0          0         68   llushr.o
       188         20          0          0          0        160   malloc.o
        36          0          0          0          0         68   memcpya.o
         0          0          0          8          0          0   mvars.o
        48          0          0          0          0         68   cdcmple.o
        48          0          0          0          0         68   cdrcmple.o
        56          0          0          0          0         88   d2f.o
       334          0          0          0          0        148   dadd.o
       222          0          0          0          0        100   ddiv.o
       186          0          0          0          0        176   depilogue.o
        62          0          0          0          0         80   dfixi.o
        34          0          0          0          0         76   dflti.o
        26          0          0          0          0         76   dfltui.o
       228          0          0          0          0         96   dmul.o
       162          0          0          0          0        100   dsqrt.o
        38          0          0          0          0         68   f2d.o
       110          0          0          0          0        168   fepilogue.o
      2948         64         32          0          0       4589   bspline.o
      1106         54          0          0          0       5020   calculate.o
       350         50          0          0          0       3043   flash.o
      2552         46          0          0          0       2853   move.o
      1032         70          0         12         24     210763   pathfollowing.o
       312         38          0         16          0       3320   possystem.o
       620        166          0         24          0       9538   ringbuffer.o
      1040         76          0         40          0       8362   sampling.o
      5192         56          0          0          0       7133   speedplaning.o

    ----------------------------------------------------------------------
     20512       1030        324        104         28     259001   Library Totals
        36          4          4          0          4          0   (incl. Padding)

    ----------------------------------------------------------------------

      Code (inc. data)   RO Data    RW Data    ZI Data      Debug   Library Name

      3350        364        288          0          0       2500   m_wm.l
       420         42          0         12          0        568   mc_w.l
      1554          0          0          0          0       1312   mf_w.l
     15152        620         32         92         24     254621   motionCard.lib

    ----------------------------------------------------------------------
     20512       1030        324        104         28     259001   Library Totals

    ----------------------------------------------------------------------

==============================================================================


      Code (inc. data)   RO Data    RW Data    ZI Data      Debug   

     28908       1606       1020        196      28724     578306   Grand Totals
     28908       1606       1020        196      28724     578306   ELF Image Totals
     28908       1606       1020        196          0          0   ROM Totals

==============================================================================

    Total RO  Size (Code + RO Data)                29928 (  29.23kB)
    Total RW  Size (RW Data + ZI Data)             28920 (  28.24kB)
    Total ROM Size (Code + RO Data + RW Data)      30124 (  29.42kB)

==============================================================================

